Component: ARM Compiler 5.06 update 6 (build 750) Tool: armlink [4d35ed]

==============================================================================

Section Cross References

    startup_stm32f103xb.o(STACK) refers (Special) to heapauxi.o(.text) for __use_two_region_memory
    startup_stm32f103xb.o(HEAP) refers (Special) to heapauxi.o(.text) for __use_two_region_memory
    startup_stm32f103xb.o(RESET) refers (Special) to heapauxi.o(.text) for __use_two_region_memory
    startup_stm32f103xb.o(RESET) refers to startup_stm32f103xb.o(STACK) for __initial_sp
    startup_stm32f103xb.o(RESET) refers to startup_stm32f103xb.o(.text) for Reset_Handler
    startup_stm32f103xb.o(RESET) refers to stm32f1xx_it.o(i.NMI_Handler) for NMI_Handler
    startup_stm32f103xb.o(RESET) refers to stm32f1xx_it.o(i.HardFault_Handler) for HardFault_Handler
    startup_stm32f103xb.o(RESET) refers to stm32f1xx_it.o(i.MemManage_Handler) for MemManage_Handler
    startup_stm32f103xb.o(RESET) refers to stm32f1xx_it.o(i.BusFault_Handler) for BusFault_Handler
    startup_stm32f103xb.o(RESET) refers to stm32f1xx_it.o(i.UsageFault_Handler) for UsageFault_Handler
    startup_stm32f103xb.o(RESET) refers to stm32f1xx_it.o(i.SVC_Handler) for SVC_Handler
    startup_stm32f103xb.o(RESET) refers to stm32f1xx_it.o(i.DebugMon_Handler) for DebugMon_Handler
    startup_stm32f103xb.o(RESET) refers to stm32f1xx_it.o(i.PendSV_Handler) for PendSV_Handler
    startup_stm32f103xb.o(RESET) refers to stm32f1xx_it.o(i.SysTick_Handler) for SysTick_Handler
    startup_stm32f103xb.o(RESET) refers to stm32f1xx_it.o(i.DMA1_Channel1_IRQHandler) for DMA1_Channel1_IRQHandler
    startup_stm32f103xb.o(RESET) refers to stm32f1xx_it.o(i.DMA1_Channel2_IRQHandler) for DMA1_Channel2_IRQHandler
    startup_stm32f103xb.o(RESET) refers to stm32f1xx_it.o(i.DMA1_Channel3_IRQHandler) for DMA1_Channel3_IRQHandler
    startup_stm32f103xb.o(RESET) refers to stm32f1xx_it.o(i.USART3_IRQHandler) for USART3_IRQHandler
    startup_stm32f103xb.o(.text) refers (Special) to heapauxi.o(.text) for __use_two_region_memory
    startup_stm32f103xb.o(.text) refers to system_stm32f1xx.o(i.SystemInit) for SystemInit
    startup_stm32f103xb.o(.text) refers to __main.o(!!!main) for __main
    startup_stm32f103xb.o(.text) refers to startup_stm32f103xb.o(HEAP) for Heap_Mem
    startup_stm32f103xb.o(.text) refers to startup_stm32f103xb.o(STACK) for Stack_Mem
    main.o(i.SystemClock_Config) refers to rt_memclr_w.o(.text) for __aeabi_memclr4
    main.o(i.SystemClock_Config) refers to stm32f1xx_hal_rcc.o(i.HAL_RCC_OscConfig) for HAL_RCC_OscConfig
    main.o(i.SystemClock_Config) refers to stm32f1xx_hal_rcc.o(i.HAL_RCC_ClockConfig) for HAL_RCC_ClockConfig
    main.o(i.SystemClock_Config) refers to stm32f1xx_hal_rcc_ex.o(i.HAL_RCCEx_PeriphCLKConfig) for HAL_RCCEx_PeriphCLKConfig
    main.o(i.main) refers to stm32f1xx_hal.o(i.HAL_Init) for HAL_Init
    main.o(i.main) refers to main.o(i.SystemClock_Config) for SystemClock_Config
    main.o(i.main) refers to gpio.o(i.MX_GPIO_Init) for MX_GPIO_Init
    main.o(i.main) refers to dma.o(i.MX_DMA_Init) for MX_DMA_Init
    main.o(i.main) refers to tim.o(i.MX_TIM2_Init) for MX_TIM2_Init
    main.o(i.main) refers to adc.o(i.MX_ADC1_Init) for MX_ADC1_Init
    main.o(i.main) refers to tim.o(i.MX_TIM1_Init) for MX_TIM1_Init
    main.o(i.main) refers to usart.o(i.MX_USART3_UART_Init) for MX_USART3_UART_Init
    main.o(i.main) refers to servo.o(i.Servo_Init) for Servo_Init
    main.o(i.main) refers to main.o(i.servo_clamp) for servo_clamp
    main.o(i.main) refers to uart_dma.o(i.UART_DMA_Receive_init) for UART_DMA_Receive_init
    main.o(i.main) refers to explore.o(i.magic_cube) for magic_cube
    main.o(i.main) refers to explore.o(i.control_cube) for control_cube
    main.o(i.main) refers to uart_dma.o(.bss) for buffer_receive_3
    main.o(i.main) refers to usart.o(.bss) for huart3
    main.o(i.main) refers to main.o(.bss) for .bss
    main.o(i.servo_clamp) refers to servo.o(i.release_L_wei) for release_L_wei
    main.o(i.servo_clamp) refers to delay.o(i.Delay_ms) for Delay_ms
    main.o(i.servo_clamp) refers to servo.o(i.release_R_wei) for release_R_wei
    main.o(i.servo_clamp) refers to servo.o(i.clamp_L) for clamp_L
    main.o(i.servo_clamp) refers to servo.o(i.clamp_R) for clamp_R
    gpio.o(i.MX_GPIO_Init) refers to stm32f1xx_hal_gpio.o(i.HAL_GPIO_WritePin) for HAL_GPIO_WritePin
    gpio.o(i.MX_GPIO_Init) refers to stm32f1xx_hal_gpio.o(i.HAL_GPIO_Init) for HAL_GPIO_Init
    adc.o(i.HAL_ADC_MspDeInit) refers to stm32f1xx_hal_gpio.o(i.HAL_GPIO_DeInit) for HAL_GPIO_DeInit
    adc.o(i.HAL_ADC_MspDeInit) refers to stm32f1xx_hal_dma.o(i.HAL_DMA_DeInit) for HAL_DMA_DeInit
    adc.o(i.HAL_ADC_MspInit) refers to stm32f1xx_hal_gpio.o(i.HAL_GPIO_Init) for HAL_GPIO_Init
    adc.o(i.HAL_ADC_MspInit) refers to stm32f1xx_hal_dma.o(i.HAL_DMA_Init) for HAL_DMA_Init
    adc.o(i.HAL_ADC_MspInit) refers to main.o(i.Error_Handler) for Error_Handler
[...]
    ../clib/heapalloc.c                      0x00000000   Number         0  hrguard.o ABSOLUTE
    ../clib/heapaux.c                        0x00000000   Number         0  heapauxi.o ABSOLUTE
    ../clib/libinit.s                        0x00000000   Number         0  libinit.o ABSOLUTE
    ../clib/libinit.s                        0x00000000   Number         0  libshutdown.o ABSOLUTE
    ../clib/libinit.s                        0x00000000   Number         0  libshutdown2.o ABSOLUTE
    ../clib/libinit.s                        0x00000000   Number         0  libinit2.o ABSOLUTE
    ../clib/longlong.s                       0x00000000   Number         0  llushr.o ABSOLUTE
    ../clib/memcpset.s                       0x00000000   Number         0  rt_memclr_w.o ABSOLUTE
    ../clib/memcpset.s                       0x00000000   Number         0  rt_memclr.o ABSOLUTE
    ../clib/signal.c                         0x00000000   Number         0  defsig_rtmem_formal.o ABSOLUTE
    ../clib/signal.c                         0x00000000   Number         0  defsig_rtmem_outer.o ABSOLUTE
    ../clib/signal.c                         0x00000000   Number         0  defsig_rtmem_inner.o ABSOLUTE
    ../clib/signal.c                         0x00000000   Number         0  __raise.o ABSOLUTE
    ../clib/signal.c                         0x00000000   Number         0  defsig_exit.o ABSOLUTE
    ../clib/signal.c                         0x00000000   Number         0  defsig_rtred_inner.o ABSOLUTE
    ../clib/signal.c                         0x00000000   Number         0  defsig_other.o ABSOLUTE
    ../clib/signal.c                         0x00000000   Number         0  defsig_stak_inner.o ABSOLUTE
    ../clib/signal.c                         0x00000000   Number         0  defsig_pvfn_inner.o ABSOLUTE
    ../clib/signal.c                         0x00000000   Number         0  defsig_cppl_inner.o ABSOLUTE
    ../clib/signal.c                         0x00000000   Number         0  defsig_segv_inner.o ABSOLUTE
    ../clib/signal.c                         0x00000000   Number         0  defsig_fpe_inner.o ABSOLUTE
    ../clib/signal.c                         0x00000000   Number         0  defsig_general.o ABSOLUTE
    ../clib/signal.c                         0x00000000   Number         0  defsig_abrt_inner.o ABSOLUTE
    ../clib/signal.s                         0x00000000   Number         0  defsig.o ABSOLUTE
    ../clib/stdlib.c                         0x00000000   Number         0  exit.o ABSOLUTE
    ../clib/string.c                         0x00000000   Number         0  strcpy.o ABSOLUTE
    ../fplib/d2f.s                           0x00000000   Number         0  d2f.o ABSOLUTE
    ../fplib/daddsub.s                       0x00000000   Number         0  daddsub_clz.o ABSOLUTE
    ../fplib/dcheck1.s                       0x00000000   Number         0  dcheck1.o ABSOLUTE
    ../fplib/dflt.s                          0x00000000   Number         0  dflt_clz.o ABSOLUTE
    ../fplib/dmul.s                          0x00000000   Number         0  dmul.o ABSOLUTE
    ../fplib/dnaninf.s                       0x00000000   Number         0  dnaninf.o ABSOLUTE
    ../fplib/dretinf.s                       0x00000000   Number         0  dretinf.o ABSOLUTE
    ../fplib/faddsub.s                       0x00000000   Number         0  faddsub_clz.o ABSOLUTE
    ../fplib/fdiv.s                          0x00000000   Number         0  fdiv.o ABSOLUTE
    ../fplib/ffixu.s                         0x00000000   Number         0  ffixu.o ABSOLUTE
    ../fplib/fmul.s                          0x00000000   Number         0  fmul.o ABSOLUTE
    ../fplib/fnaninf.s                       0x00000000   Number         0  fnaninf.o ABSOLUTE
    ../fplib/fpinit.s                        0x00000000   Number         0  fpinit.o ABSOLUTE
    ../fplib/fretinf.s                       0x00000000   Number         0  fretinf.o ABSOLUTE
    ../fplib/retnan.s                        0x00000000   Number         0  retnan.o ABSOLUTE
    ../fplib/scalbn.s                        0x00000000   Number         0  scalbn.o ABSOLUTE
    ../fplib/trapv.s                         0x00000000   Number         0  trapv.o ABSOLUTE
    ../fplib/usenofp.s                       0x00000000   Number         0  usenofp.o ABSOLUTE
    ..\Drivers\STM32F1xx_HAL_Driver\Src\stm32f1xx_hal.c 0x00000000   Number         0  stm32f1xx_hal.o ABSOLUTE
    ..\Drivers\STM32F1xx_HAL_Driver\Src\stm32f1xx_hal_adc.c 0x00000000   Number         0  stm32f1xx_hal_adc.o ABSOLUTE
    ..\Drivers\STM32F1xx_HAL_Driver\Src\stm32f1xx_hal_adc_ex.c 0x00000000   Number         0  stm32f1xx_hal_adc_ex.o ABSOLUTE
    ..\Drivers\STM32F1xx_HAL_Driver\Src\stm32f1xx_hal_cortex.c 0x00000000   Number         0  stm32f1xx_hal_cortex.o ABSOLUTE
    ..\Drivers\STM32F1xx_HAL_Driver\Src\stm32f1xx_hal_dma.c 0x00000000   Number         0  stm32f1xx_hal_dma.o ABSOLUTE
    ..\Drivers\STM32F1xx_HAL_Driver\Src\stm32f1xx_hal_exti.c 0x00000000   Number         0  stm32f1xx_hal_exti.o ABSOLUTE
    ..\Drivers\STM32F1xx_HAL_Driver\Src\stm32f1xx_hal_flash.c 0x00000000   Number         0  stm32f1xx_hal_flash.o ABSOLUTE
    ..\Drivers\STM32F1xx_HAL_Driver\Src\stm32f1xx_hal_flash_ex.c 0x00000000   Number         0  stm32f1xx_hal_flash_ex.o ABSOLUTE
    ..\Drivers\STM32F1xx_HAL_Driver\Src\stm32f1xx_hal_gpio.c 0x00000000   Number         0  stm32f1xx_hal_gpio.o ABSOLUTE
    ..\Drivers\STM32F1xx_HAL_Driver\Src\stm32f1xx_hal_gpio_ex.c 0x00000000   Number         0  stm32f1xx_hal_gpio_ex.o ABSOLUTE
    ..\Drivers\STM32F1xx_HAL_Driver\Src\stm32f1xx_hal_pwr.c 0x00000000   Number         0  stm32f1xx_hal_pwr.o ABSOLUTE
    ..\Drivers\STM32F1xx_HAL_Driver\Src\stm32f1xx_hal_rcc.c 0x00000000   Number         0  stm32f1xx_hal_rcc.o ABSOLUTE
    ..\Drivers\STM32F1xx_HAL_Driver\Src\stm32f1xx_hal_rcc_ex.c 0x00000000   Number         0  stm32f1xx_hal_rcc_ex.o ABSOLUTE
    ..\Drivers\STM32F1xx_HAL_Driver\Src\stm32f1xx_hal_tim.c 0x00000000   Number         0  stm32f1xx_hal_tim.o ABSOLUTE
    ..\Drivers\STM32F1xx_HAL_Driver\Src\stm32f1xx_hal_tim_ex.c 0x00000000   Number         0  stm32f1xx_hal_tim_ex.o ABSOLUTE
    ..\Drivers\STM32F1xx_HAL_Driver\Src\stm32f1xx_hal_uart.c 0x00000000   Number         0  stm32f1xx_hal_uart.o ABSOLUTE
    ..\Src\adc.c                             0x00000000   Number         0  adc.o ABSOLUTE
    ..\Src\dma.c                             0x00000000   Number         0  dma.o ABSOLUTE
    ..\Src\gpio.c                            0x00000000   Number         0  gpio.o ABSOLUTE
    ..\Src\main.c                            0x00000000   Number         0  main.o ABSOLUTE
    ..\Src\stm32f1xx_hal_msp.c               0x00000000   Number         0  stm32f1xx_hal_msp.o ABSOLUTE
    ..\Src\stm32f1xx_it.c                    0x00000000   Number         0  stm32f1xx_it.o ABSOLUTE
    ..\Src\system_stm32f1xx.c                0x00000000   Number         0  system_stm32f1xx.o ABSOLUTE
    ..\Src\tim.c                             0x00000000   Number         0  tim.o ABSOLUTE
    ..\Src\usart.c                           0x00000000   Number         0  usart.o ABSOLUTE
    BSP\Delay.c                              0x00000000   Number         0  delay.o ABSOLUTE
    BSP\Explore.c                            0x00000000   Number         0  explore.o ABSOLUTE
    BSP\Motor.c                              0x00000000   Number         0  motor.o ABSOLUTE
    BSP\OLED.c                               0x00000000   Number         0  oled.o ABSOLUTE
    BSP\Servo.c                              0x00000000   Number         0  servo.o ABSOLUTE
    BSP\UART_DMA.c                           0x00000000   Number         0  uart_dma.o ABSOLUTE
    BSP\\Delay.c                             0x00000000   Number         0  delay.o ABSOLUTE
    BSP\\Explore.c                           0x00000000   Number         0  explore.o ABSOLUTE
    BSP\\Motor.c                             0x00000000   Number         0  motor.o ABSOLUTE
    BSP\\OLED.c                              0x00000000   Number         0  oled.o ABSOLUTE
    BSP\\Servo.c                             0x00000000   Number         0  servo.o ABSOLUTE
    BSP\\UART_DMA.c                          0x00000000   Number         0  uart_dma.o ABSOLUTE
    dc.s                                     0x00000000   Number         0  dc.o ABSOLUTE
    startup_stm32f103xb.s                    0x00000000   Number         0  startup_stm32f103xb.o ABSOLUTE
    RESET                                    0x08000000   Section      236  startup_stm32f103xb.o(RESET)
    !!!main                                  0x080000ec   Section        8  __main.o(!!!main)
    !!!scatter                               0x080000f4   Section       52  __scatter.o(!!!scatter)
    !!handler_copy                           0x08000128   Section       26  __scatter_copy.o(!!handler_copy)
    !!handler_zi                             0x08000144   Section       28  __scatter_zi.o(!!handler_zi)
    .ARM.Collect$$libinit$$00000000          0x08000160   Section        2  libinit.o(.ARM.Collect$$libinit$$00000000)
    .ARM.Collect$$libinit$$00000002          0x08000162   Section        0  libinit2.o(.ARM.Collect$$libinit$$00000002)
    .ARM.Collect$$libinit$$00000004          0x08000162   Section        0  libinit2.o(.ARM.Collect$$libinit$$00000004)
    .ARM.Collect$$libinit$$0000000A          0x08000162   Section        0  libinit2.o(.ARM.Collect$$libinit$$0000000A)
    .ARM.Collect$$libinit$$0000000C          0x08000162   Section        0  libinit2.o(.ARM.Collect$$libinit$$0000000C)
    .ARM.Collect$$libinit$$0000000E          0x08000162   Section        0  libinit2.o(.ARM.Collect$$libinit$$0000000E)
    .ARM.Collect$$libinit$$00000011          0x08000162   Section        0  libinit2.o(.ARM.Collect$$libinit$$00000011)
    .ARM.Collect$$libinit$$00000013          0x08000162   Section        0  libinit2.o(.ARM.Collect$$libinit$$00000013)
    .ARM.Collect$$libinit$$00000015          0x08000162   Section        0  libinit2.o(.ARM.Collect$$libinit$$00000015)
    .ARM.Collect$$libinit$$00000017          0x08000162   Section        0  libinit2.o(.ARM.Collect$$libinit$$00000017)
    .ARM.Collect$$libinit$$00000019          0x08000162   Section        0  libinit2.o(.ARM.Collect$$libinit$$00000019)
    .ARM.Collect$$libinit$$0000001B          0x08000162   Section        0  libinit2.o(.ARM.Collect$$libinit$$0000001B)
    .ARM.Collect$$libinit$$0000001D          0x08000162   Section        0  libinit2.o(.ARM.Collect$$libinit$$0000001D)
    .ARM.Collect$$libinit$$0000001F          0x08000162   Section        0  libinit2.o(.ARM.Collect$$libinit$$0000001F)
    .ARM.Collect$$libinit$$00000021          0x08000162   Section        0  libinit2.o(.ARM.Collect$$libinit$$00000021)
    .ARM.Collect$$libinit$$00000023          0x08000162   Section        0  libinit2.o(.ARM.Collect$$libinit$$00000023)
    .ARM.Collect$$libinit$$00000025          0x08000162   Section        0  libinit2.o(.ARM.Collect$$libinit$$00000025)
    .ARM.Collect$$libinit$$0000002C          0x08000162   Section        0  libinit2.o(.ARM.Collect$$libinit$$0000002C)
    .ARM.Collect$$libinit$$0000002E          0x08000162   Section        0  libinit2.o(.ARM.Collect$$libinit$$0000002E)
    .ARM.Collect$$libinit$$00000030          0x08000162   Section        0  libinit2.o(.ARM.Collect$$libinit$$00000030)
    .ARM.Collect$$libinit$$00000032          0x08000162   Section        0  libinit2.o(.ARM.Collect$$libinit$$00000032)
    .ARM.Collect$$libinit$$00000033          0x08000162   Section        2  libinit2.o(.ARM.Collect$$libinit$$00000033)
    .ARM.Collect$$libshutdown$$00000000      0x08000164   Section        2  libshutdown.o(.ARM.Collect$$libshutdown$$00000000)
    .ARM.Collect$$libshutdown$$00000002      0x08000166   Section        0  libshutdown2.o(.ARM.Collect$$libshutdown$$00000002)
    .ARM.Collect$$libshutdown$$00000004      0x08000166   Section        0  libshutdown2.o(.ARM.Collect$$libshutdown$$00000004)
    .ARM.Collect$$libshutdown$$00000007      0x08000166   Section        0  libshutdown2.o(.ARM.Collect$$libshutdown$$00000007)
    .ARM.Collect$$libshutdown$$0000000A      0x08000166   Section        0  libshutdown2.o(.ARM.Collect$$libshutdown$$0000000A)
    .ARM.Collect$$libshutdown$$0000000C      0x08000166   Section        0  libshutdown2.o(.ARM.Collect$$libshutdown$$0000000C)
    .ARM.Collect$$libshutdown$$0000000F      0x08000166   Section        0  libshutdown2.o(.ARM.Collect$$libshutdown$$0000000F)
    .ARM.Collect$$libshutdown$$00000010      0x08000166   Section        2  libshutdown2.o(.ARM.Collect$$libshutdown$$00000010)
    .ARM.Collect$$rtentry$$00000000          0x08000168   Section        0  __rtentry.o(.ARM.Collect$$rtentry$$00000000)
    .ARM.Collect$$rtentry$$00000002          0x08000168   Section        0  __rtentry2.o(.ARM.Collect$$rtentry$$00000002)
    .ARM.Collect$$rtentry$$00000004          0x08000168   Section        6  __rtentry4.o(.ARM.Collect$$rtentry$$00000004)
    .ARM.Collect$$rtentry$$00000009          0x0800016e   Section        0  __rtentry2.o(.ARM.Collect$$rtentry$$00000009)
    .ARM.Collect$$rtentry$$0000000A          0x0800016e   Section        4  __rtentry2.o(.ARM.Collect$$rtentry$$0000000A)
    .ARM.Collect$$rtentry$$0000000C          0x08000172   Section        0  __rtentry2.o(.ARM.Collect$$rtentry$$0000000C)
    .ARM.Collect$$rtentry$$0000000D          0x08000172   Section        8  __rtentry2.o(.ARM.Collect$$rtentry$$0000000D)
    .ARM.Collect$$rtexit$$00000000           0x0800017a   Section        2  rtexit.o(.ARM.Collect$$rtexit$$00000000)
    .ARM.Collect$$rtexit$$00000002           0x0800017c   Section        0  rtexit2.o(.ARM.Collect$$rtexit$$00000002)
    .ARM.Collect$$rtexit$$00000003           0x0800017c   Section        4  rtexit2.o(.ARM.Collect$$rtexit$$00000003)
    .ARM.Collect$$rtexit$$00000004           0x08000180   Section        6  rtexit2.o(.ARM.Collect$$rtexit$$00000004)
    .text                                    0x08000188   Section       64  startup_stm32f103xb.o(.text)
    .text                                    0x080001c8   Section        0  strcpy.o(.text)
    .text                                    0x08000210   Section       68  rt_memclr.o(.text)
    .text                                    0x08000254   Section       78  rt_memclr_w.o(.text)
    .text                                    0x080002a2   Section        0  heapauxi.o(.text)
    .text                                    0x080002a8   Section       74  sys_stackheap_outer.o(.text)
    .text                                    0x080002f2   Section        0  exit.o(.text)
    .text                                    0x08000304   Section        8  libspace.o(.text)
    .text                                    0x0800030c   Section        0  sys_exit.o(.text)
    .text                                    0x08000318   Section        2  use_no_semi.o(.text)
    .text                                    0x0800031a   Section        0  indicate_semi.o(.text)
    i.ADC_ConversionStop_Disable             0x0800031c   Section        0  stm32f1xx_hal_adc.o(i.ADC_ConversionStop_Disable)
    i.BusFault_Handler                       0x08000372   Section        0  stm32f1xx_it.o(i.BusFault_Handler)
    i.DMA1_Channel1_IRQHandler               0x08000374   Section        0  stm32f1xx_it.o(i.DMA1_Channel1_IRQHandler)
    i.DMA1_Channel2_IRQHandler               0x08000380   Section        0  stm32f1xx_it.o(i.DMA1_Channel2_IRQHandler)
    i.DMA1_Channel3_IRQHandler               0x0800038c   Section        0  stm32f1xx_it.o(i.DMA1_Channel3_IRQHandler)
    i.DMA_SetConfig                          0x08000398   Section        0  stm32f1xx_hal_dma.o(i.DMA_SetConfig)
    DMA_SetConfig                            0x08000399   Thumb Code    42  stm32f1xx_hal_dma.o(i.DMA_SetConfig)
    i.DebugMon_Handler                       0x080003c2   Section        0  stm32f1xx_it.o(i.DebugMon_Handler)
    i.Delay_ms                               0x080003c4   Section        0  delay.o(i.Delay_ms)
    i.Delay_us                               0x080003da   Section        0  delay.o(i.Delay_us)
    i.Error_Handler                          0x080003fa   Section        0  main.o(i.Error_Handler)
    i.HAL_ADC_ConfigChannel                  0x08000400   Section        0  stm32f1xx_hal_adc.o(i.HAL_ADC_ConfigChannel)
    i.HAL_ADC_Init                           0x080004fc   Section        0  stm32f1xx_hal_adc.o(i.HAL_ADC_Init)
    i.HAL_ADC_MspInit                        0x08000618   Section        0  adc.o(i.HAL_ADC_MspInit)
    i.HAL_DMA_Abort                          0x080006a8   Section        0  stm32f1xx_hal_dma.o(i.HAL_DMA_Abort)
    i.HAL_DMA_Abort_IT                       0x080006f0   Section        0  stm32f1xx_hal_dma.o(i.HAL_DMA_Abort_IT)
    i.HAL_DMA_IRQHandler                     0x08000788   Section        0  stm32f1xx_hal_dma.o(i.HAL_DMA_IRQHandler)
    i.HAL_DMA_Init                           0x080008dc   Section        0  stm32f1xx_hal_dma.o(i.HAL_DMA_Init)
    i.HAL_DMA_Start_IT                       0x08000938   Section        0  stm32f1xx_hal_dma.o(i.HAL_DMA_Start_IT)
    i.HAL_GPIO_Init                          0x080009a8   Section        0  stm32f1xx_hal_gpio.o(i.HAL_GPIO_Init)
    i.HAL_GPIO_WritePin                      0x08000b88   Section        0  stm32f1xx_hal_gpio.o(i.HAL_GPIO_WritePin)
    i.HAL_GetTick                            0x08000b94   Section        0  stm32f1xx_hal.o(i.HAL_GetTick)
    i.HAL_IncTick                            0x08000ba0   Section        0  stm32f1xx_hal.o(i.HAL_IncTick)
    i.HAL_Init                               0x08000bb0   Section        0  stm32f1xx_hal.o(i.HAL_Init)
    i.HAL_InitTick                           0x08000bd4   Section        0  stm32f1xx_hal.o(i.HAL_InitTick)
    i.HAL_MspInit                            0x08000c14   Section        0  stm32f1xx_hal_msp.o(i.HAL_MspInit)
    i.HAL_NVIC_EnableIRQ                     0x08000c50   Section        0  stm32f1xx_hal_cortex.o(i.HAL_NVIC_EnableIRQ)
    i.HAL_NVIC_SetPriority                   0x08000c6c   Section        0  stm32f1xx_hal_cortex.o(i.HAL_NVIC_SetPriority)
    i.HAL_NVIC_SetPriorityGrouping           0x08000cac   Section        0  stm32f1xx_hal_cortex.o(i.HAL_NVIC_SetPriorityGrouping)
    i.HAL_RCCEx_PeriphCLKConfig              0x08000cd0   Section        0  stm32f1xx_hal_rcc_ex.o(i.HAL_RCCEx_PeriphCLKConfig)
    i.HAL_RCC_ClockConfig                    0x08000dbc   Section        0  stm32f1xx_hal_rcc.o(i.HAL_RCC_ClockConfig)
    i.HAL_RCC_GetPCLK1Freq                   0x08000ee8   Section        0  stm32f1xx_hal_rcc.o(i.HAL_RCC_GetPCLK1Freq)
    i.HAL_RCC_GetPCLK2Freq                   0x08000f08   Section        0  stm32f1xx_hal_rcc.o(i.HAL_RCC_GetPCLK2Freq)
    i.HAL_RCC_GetSysClockFreq                0x08000f28   Section        0  stm32f1xx_hal_rcc.o(i.HAL_RCC_GetSysClockFreq)
    i.HAL_RCC_OscConfig                      0x08000f74   Section        0  stm32f1xx_hal_rcc.o(i.HAL_RCC_OscConfig)
    i.HAL_SYSTICK_Config                     0x08001294   Section        0  stm32f1xx_hal_cortex.o(i.HAL_SYSTICK_Config)
    i.HAL_TIMEx_ConfigBreakDeadTime          0x080012bc   Section        0  stm32f1xx_hal_tim_ex.o(i.HAL_TIMEx_ConfigBreakDeadTime)
    i.HAL_TIMEx_MasterConfigSynchronization  0x08001310   Section        0  stm32f1xx_hal_tim_ex.o(i.HAL_TIMEx_MasterConfigSynchronization)
    i.HAL_TIM_Base_Init                      0x08001378   Section        0  stm32f1xx_hal_tim.o(i.HAL_TIM_Base_Init)
    i.HAL_TIM_Base_MspInit                   0x080013d4   Section        0  tim.o(i.HAL_TIM_Base_MspInit)
    i.HAL_TIM_ConfigClockSource              0x08001410   Section        0  stm32f1xx_hal_tim.o(i.HAL_TIM_ConfigClockSource)
    i.HAL_TIM_MspPostInit                    0x080014ec   Section        0  tim.o(i.HAL_TIM_MspPostInit)
    i.HAL_TIM_PWM_ConfigChannel              0x08001574   Section        0  stm32f1xx_hal_tim.o(i.HAL_TIM_PWM_ConfigChannel)
    i.HAL_TIM_PWM_Init                       0x08001640   Section        0  stm32f1xx_hal_tim.o(i.HAL_TIM_PWM_Init)
    i.HAL_TIM_PWM_MspInit                    0x0800169a   Section        0  stm32f1xx_hal_tim.o(i.HAL_TIM_PWM_MspInit)
    i.HAL_TIM_PWM_Start                      0x0800169c   Section        0  stm32f1xx_hal_tim.o(i.HAL_TIM_PWM_Start)
    i.HAL_UARTEx_RxEventCallback             0x08001738   Section        0  stm32f1xx_hal_uart.o(i.HAL_UARTEx_RxEventCallback)
    i.HAL_UART_DMAStop                       0x0800173a   Section        0  stm32f1xx_hal_uart.o(i.HAL_UART_DMAStop)
    i.HAL_UART_ErrorCallback                 0x080017aa   Section        0  uart_dma.o(i.HAL_UART_ErrorCallback)
    i.HAL_UART_IRQHandler                    0x080017d4   Section        0  stm32f1xx_hal_uart.o(i.HAL_UART_IRQHandler)
    i.HAL_UART_Init                          0x08001a40   Section        0  stm32f1xx_hal_uart.o(i.HAL_UART_Init)
    i.HAL_UART_MspInit                       0x08001aa4   Section        0  usart.o(i.HAL_UART_MspInit)
    i.HAL_UART_Receive_DMA                   0x08001b80   Section        0  stm32f1xx_hal_uart.o(i.HAL_UART_Receive_DMA)
    i.HAL_UART_RxCpltCallback                0x08001b9c   Section        0  stm32f1xx_hal_uart.o(i.HAL_UART_RxCpltCallback)
    i.HAL_UART_RxHalfCpltCallback            0x08001b9e   Section        0  stm32f1xx_hal_uart.o(i.HAL_UART_RxHalfCpltCallback)
    i.HAL_UART_TxCpltCallback                0x08001ba0   Section        0  stm32f1xx_hal_uart.o(i.HAL_UART_TxCpltCallback)
    i.HardFault_Handler                      0x08001ba2   Section        0  stm32f1xx_it.o(i.HardFault_Handler)
    i.L_180                                  0x08001ba4   Section        0  motor.o(i.L_180)
    i.L_cube                                 0x08001c2c   Section        0  motor.o(i.L_cube)
    i.L_hand_ping                            0x08001c66   Section        0  motor.o(i.L_hand_ping)
    i.L_ni_90                                0x08001c90   Section        0  motor.o(i.L_ni_90)
    i.L_ni_90_c                              0x08001d20   Section        0  motor.o(i.L_ni_90_c)
    i.L_shun_90                              0x08001d68   Section        0  motor.o(i.L_shun_90)
    i.L_shun_90_c                            0x08001df8   Section        0  motor.o(i.L_shun_90_c)
    i.MX_ADC1_Init                           0x08001e40   Section        0  adc.o(i.MX_ADC1_Init)
    i.MX_DMA_Init                            0x08001e8c   Section        0  dma.o(i.MX_DMA_Init)
    i.MX_GPIO_Init                           0x08001ed8   Section        0  gpio.o(i.MX_GPIO_Init)
    i.MX_TIM1_Init                           0x08001f94   Section        0  tim.o(i.MX_TIM1_Init)
    i.MX_TIM2_Init                           0x0800205c   Section        0  tim.o(i.MX_TIM2_Init)
    i.MX_USART3_UART_Init                    0x080020f4   Section        0  usart.o(i.MX_USART3_UART_Init)
    i.MemManage_Handler                      0x0800212c   Section        0  stm32f1xx_it.o(i.MemManage_Handler)
    i.NMI_Handler                            0x0800212e   Section        0  stm32f1xx_it.o(i.NMI_Handler)
    i.PendSV_Handler                         0x08002130   Section        0  stm32f1xx_it.o(i.PendSV_Handler)
    i.R_180                                  0x08002134   Section        0  motor.o(i.R_180)
    i.R_cube                                 0x080021bc   Section        0  motor.o(i.R_cube)
    i.R_hand_ping                            0x080021f6   Section        0  motor.o(i.R_hand_ping)
    i.R_ni_90                                0x08002220   Section        0  motor.o(i.R_ni_90)
    i.R_ni_90_c                              0x080022b0   Section        0  motor.o(i.R_ni_90_c)
    i.R_shun_90                              0x080022f0   Section        0  motor.o(i.R_shun_90)
    i.R_shun_90_c                            0x08002380   Section        0  motor.o(i.R_shun_90_c)
    i.SVC_Handler                            0x080023c0   Section        0  stm32f1xx_it.o(i.SVC_Handler)
    i.Servo_Init                             0x080023c4   Section        0  servo.o(i.Servo_Init)
    i.Servo_SetAngle_L                       0x080023f4   Section        0  servo.o(i.Servo_SetAngle_L)
    i.Servo_SetAngle_R                       0x08002424   Section        0  servo.o(i.Servo_SetAngle_R)
    i.SysTick_Handler                        0x08002454   Section        0  stm32f1xx_it.o(i.SysTick_Handler)
    i.SystemClock_Config                     0x08002458   Section        0  main.o(i.SystemClock_Config)
    i.SystemInit                             0x080024d0   Section        0  system_stm32f1xx.o(i.SystemInit)
    i.TIM_Base_SetConfig                     0x080024d4   Section        0  stm32f1xx_hal_tim.o(i.TIM_Base_SetConfig)
    i.TIM_CCxChannelCmd                      0x08002540   Section        0  stm32f1xx_hal_tim.o(i.TIM_CCxChannelCmd)
    i.TIM_ETR_SetConfig                      0x0800255a   Section        0  stm32f1xx_hal_tim.o(i.TIM_ETR_SetConfig)
    i.TIM_ITRx_SetConfig                     0x0800256e   Section        0  stm32f1xx_hal_tim.o(i.TIM_ITRx_SetConfig)
    TIM_ITRx_SetConfig                       0x0800256f   Thumb Code    16  stm32f1xx_hal_tim.o(i.TIM_ITRx_SetConfig)
    i.TIM_OC1_SetConfig                      0x08002580   Section        0  stm32f1xx_hal_tim.o(i.TIM_OC1_SetConfig)
    TIM_OC1_SetConfig                        0x08002581   Thumb Code    74  stm32f1xx_hal_tim.o(i.TIM_OC1_SetConfig)
    i.TIM_OC2_SetConfig                      0x080025d0   Section        0  stm32f1xx_hal_tim.o(i.TIM_OC2_SetConfig)
    i.TIM_OC3_SetConfig                      0x08002628   Section        0  stm32f1xx_hal_tim.o(i.TIM_OC3_SetConfig)
    TIM_OC3_SetConfig                        0x08002629   Thumb Code    82  stm32f1xx_hal_tim.o(i.TIM_OC3_SetConfig)
    i.TIM_OC4_SetConfig                      0x08002680   Section        0  stm32f1xx_hal_tim.o(i.TIM_OC4_SetConfig)
    TIM_OC4_SetConfig                        0x08002681   Thumb Code    64  stm32f1xx_hal_tim.o(i.TIM_OC4_SetConfig)
    i.TIM_TI1_ConfigInputStage               0x080026c4   Section        0  stm32f1xx_hal_tim.o(i.TIM_TI1_ConfigInputStage)
    TIM_TI1_ConfigInputStage                 0x080026c5   Thumb Code    34  stm32f1xx_hal_tim.o(i.TIM_TI1_ConfigInputStage)
    i.TIM_TI2_ConfigInputStage               0x080026e6   Section        0  stm32f1xx_hal_tim.o(i.TIM_TI2_ConfigInputStage)
    TIM_TI2_ConfigInputStage                 0x080026e7   Thumb Code    36  stm32f1xx_hal_tim.o(i.TIM_TI2_ConfigInputStage)
    i.UART_DMAAbortOnError                   0x0800270a   Section        0  stm32f1xx_hal_uart.o(i.UART_DMAAbortOnError)
    UART_DMAAbortOnError                     0x0800270b   Thumb Code    16  stm32f1xx_hal_uart.o(i.UART_DMAAbortOnError)
    i.UART_DMAError                          0x0800271a   Section        0  stm32f1xx_hal_uart.o(i.UART_DMAError)
    UART_DMAError                            0x0800271b   Thumb Code    74  stm32f1xx_hal_uart.o(i.UART_DMAError)
    i.UART_DMAReceiveCplt                    0x08002764   Section        0  stm32f1xx_hal_uart.o(i.UART_DMAReceiveCplt)
    UART_DMAReceiveCplt                      0x08002765   Thumb Code   134  stm32f1xx_hal_uart.o(i.UART_DMAReceiveCplt)
    i.UART_DMARxHalfCplt                     0x080027ea   Section        0  stm32f1xx_hal_uart.o(i.UART_DMARxHalfCplt)
    UART_DMARxHalfCplt                       0x080027eb   Thumb Code    30  stm32f1xx_hal_uart.o(i.UART_DMARxHalfCplt)
    i.UART_DMA_Receive_IT                    0x08002808   Section        0  uart_dma.o(i.UART_DMA_Receive_IT)
    i.UART_DMA_Receive_init                  0x0800285c   Section        0  uart_dma.o(i.UART_DMA_Receive_init)
    i.UART_EndRxTransfer                     0x0800286e   Section        0  stm32f1xx_hal_uart.o(i.UART_EndRxTransfer)
    UART_EndRxTransfer                       0x0800286f   Thumb Code    78  stm32f1xx_hal_uart.o(i.UART_EndRxTransfer)
    i.UART_EndTxTransfer                     0x080028bc   Section        0  stm32f1xx_hal_uart.o(i.UART_EndTxTransfer)
    UART_EndTxTransfer                       0x080028bd   Thumb Code    28  stm32f1xx_hal_uart.o(i.UART_EndTxTransfer)
    i.UART_Receive_IT                        0x080028d8   Section        0  stm32f1xx_hal_uart.o(i.UART_Receive_IT)
    UART_Receive_IT                          0x080028d9   Thumb Code   194  stm32f1xx_hal_uart.o(i.UART_Receive_IT)
    i.UART_SetConfig                         0x0800299c   Section        0  stm32f1xx_hal_uart.o(i.UART_SetConfig)
    UART_SetConfig                           0x0800299d   Thumb Code   178  stm32f1xx_hal_uart.o(i.UART_SetConfig)
    i.UART_Start_Receive_DMA                 0x08002a54   Section        0  stm32f1xx_hal_uart.o(i.UART_Start_Receive_DMA)
    i.USART3_IRQHandler                      0x08002ae4   Section        0  stm32f1xx_it.o(i.USART3_IRQHandler)
    i.UsageFault_Handler                     0x08002b08   Section        0  stm32f1xx_it.o(i.UsageFault_Handler)
    i.__NVIC_SetPriority                     0x08002b0a   Section        0  stm32f1xx_hal_cortex.o(i.__NVIC_SetPriority)
    __NVIC_SetPriority                       0x08002b0b   Thumb Code    32  stm32f1xx_hal_cortex.o(i.__NVIC_SetPriority)
    i.change                                 0x08002b2c   Section        0  explore.o(i.change)
    i.clamp_L                                0x080030c8   Section        0  servo.o(i.clamp_L)
    i.clamp_R                                0x080030d4   Section        0  servo.o(i.clamp_R)
    i.control_cube                           0x080030e0   Section        0  explore.o(i.control_cube)
    i.magic_cube                             0x08003160   Section        0  explore.o(i.magic_cube)
    i.main                                   0x08003188   Section        0  main.o(i.main)
    i.math                                   0x080031e8   Section        0  explore.o(i.math)
    i.release_L                              0x08003210   Section        0  servo.o(i.release_L)
    i.release_L_wei                          0x0800321c   Section        0  servo.o(i.release_L_wei)
    i.release_R                              0x08003228   Section        0  servo.o(i.release_R)
    i.release_R_wei                          0x08003234   Section        0  servo.o(i.release_R_wei)
    i.servo_clamp                            0x08003240   Section        0  main.o(i.servo_clamp)
    i.string_receive                         0x08003270   Section        0  uart_dma.o(i.string_receive)
    x$fpl$fadd                               0x080032c8   Section      196  faddsub_clz.o(x$fpl$fadd)
    _fadd1                                   0x080032d7   Thumb Code     0  faddsub_clz.o(x$fpl$fadd)
    x$fpl$fdiv                               0x0800338c   Section      388  fdiv.o(x$fpl$fdiv)
    _fdiv1                                   0x0800338d   Thumb Code     0  fdiv.o(x$fpl$fdiv)
    x$fpl$ffixu                              0x08003510   Section       62  ffixu.o(x$fpl$ffixu)
    x$fpl$fmul                               0x08003550   Section      258  fmul.o(x$fpl$fmul)
    x$fpl$fnaninf                            0x08003652   Section      140  fnaninf.o(x$fpl$fnaninf)
    x$fpl$fretinf                            0x080036de   Section       10  fretinf.o(x$fpl$fretinf)
    x$fpl$fsub                               0x080036e8   Section      234  faddsub_clz.o(x$fpl$fsub)
    _fsub1                                   0x080036f7   Thumb Code     0  faddsub_clz.o(x$fpl$fsub)
    .constdata                               0x080037d2   Section       18  stm32f1xx_hal_rcc.o(.constdata)
    x$fpl$usenofp                            0x080037d2   Section        0  usenofp.o(x$fpl$usenofp)
    aPredivFactorTable                       0x080037d2   Data           2  stm32f1xx_hal_rcc.o(.constdata)
    aPLLMULFactorTable                       0x080037d4   Data          16  stm32f1xx_hal_rcc.o(.constdata)
    .constdata                               0x080037e4   Section       16  system_stm32f1xx.o(.constdata)
    .constdata                               0x080037f4   Section        8  system_stm32f1xx.o(.constdata)
    .data                                    0x20000000   Section       12  stm32f1xx_hal.o(.data)
    .data                                    0x2000000c   Section        4  system_stm32f1xx.o(.data)
    .data                                    0x20000010   Section       12  motor.o(.data)
    flag_shun_90                             0x20000010   Data           2  motor.o(.data)
    flag_ni_90                               0x20000012   Data           2  motor.o(.data)
    flag_shun_90                             0x20000014   Data           2  motor.o(.data)
    flag_ni_90                               0x20000016   Data           2  motor.o(.data)
    flag_180                                 0x20000018   Data           2  motor.o(.data)
    flag_180                                 0x2000001a   Data           2  motor.o(.data)
    .data                                    0x2000001c   Section        6  explore.o(.data)
    .bss                                     0x20000024   Section      128  main.o(.bss)
    .bss                                     0x200000a4   Section      116  adc.o(.bss)
    .bss                                     0x20000118   Section      144  tim.o(.bss)
    .bss                                     0x200001a8   Section      208  usart.o(.bss)
    .bss                                     0x20000278   Section       50  uart_dma.o(.bss)
    .bss                                     0x200002ac   Section       96  libspace.o(.bss)
    HEAP                                     0x20000310   Section      512  startup_stm32f103xb.o(HEAP)
    Heap_Mem                                 0x20000310   Data         512  startup_stm32f103xb.o(HEAP)
    STACK                                    0x20000510   Section     1024  startup_stm32f103xb.o(STACK)
    Stack_Mem                                0x20000510   Data        1024  startup_stm32f103xb.o(STACK)
    __initial_sp                             0x20000910   Data           0  startup_stm32f103xb.o(STACK)

    Global Symbols

    Symbol Name                              Value     Ov Type        Size  Object(Section)

    BuildAttributes$$THM_ISAv4$P$D$K$B$S$PE$A:L22UL41UL21$X:L11$S22US41US21$IEEE1$IW$USESV6$~STKCKD$USESV7$~SHL$OSPACE$ROPI$EBA8$UX$STANDARDLIB$REQ8$PRES8$EABIv2 0x00000000   Number         0  anon$$obj.o ABSOLUTE
    __ARM_use_no_argv                        0x00000000   Number         0  main.o ABSOLUTE
    __ARM_exceptions_init                     - Undefined Weak Reference
    __alloca_initialize                       - Undefined Weak Reference
    __arm_preinit_                            - Undefined Weak Reference
    __cpp_initialize__aeabi_                  - Undefined Weak Reference
    __cxa_finalize                            - Undefined Weak Reference
    __rt_locale                               - Undefined Weak Reference
    __sigvec_lookup                           - Undefined Weak Reference
    _atexit_init                              - Undefined Weak Reference
    _call_atexit_fns                          - Undefined Weak Reference
    _clock_init                               - Undefined Weak Reference
    _fp_trap_init                             - Undefined Weak Reference
    _fp_trap_shutdown                         - Undefined Weak Reference
    _get_lc_collate                           - Undefined Weak Reference
    _get_lc_ctype                             - Undefined Weak Reference
    _get_lc_monetary                          - Undefined Weak Reference
    _get_lc_numeric                           - Undefined Weak Reference
    _get_lc_time                              - Undefined Weak Reference
    _getenv_init                              - Undefined Weak Reference
    _handle_redirection                       - Undefined Weak Reference
    _init_alloc                               - Undefined Weak Reference
    _init_user_alloc                          - Undefined Weak Reference
    _initio                                   - Undefined Weak Reference
    _rand_init                                - Undefined Weak Reference
    _signal_finish                            - Undefined Weak Reference
    _signal_init                              - Undefined Weak Reference
    _terminate_alloc                          - Undefined Weak Reference
    _terminate_user_alloc                     - Undefined Weak Reference
    _terminateio                              - Undefined Weak Reference
    __Vectors_Size                           0x000000ec   Number         0  startup_stm32f103xb.o ABSOLUTE
    __Vectors                                0x08000000   Data           4  startup_stm32f103xb.o(RESET)
    __Vectors_End                            0x080000ec   Data           0  startup_stm32f103xb.o(RESET)
    __main                                   0x080000ed   Thumb Code     8  __main.o(!!!main)
    __scatterload                            0x080000f5   Thumb Code     0  __scatter.o(!!!scatter)
    __scatterload_rt2                        0x080000f5   Thumb Code    44  __scatter.o(!!!scatter)
    __scatterload_rt2_thumb_only             0x080000f5   Thumb Code     0  __scatter.o(!!!scatter)
    __scatterload_null                       0x08000103   Thumb Code     0  __scatter.o(!!!scatter)
    __scatterload_copy                       0x08000129   Thumb Code    26  __scatter_copy.o(!!handler_copy)
    __scatterload_zeroinit                   0x08000145   Thumb Code    28  __scatter_zi.o(!!handler_zi)
    __rt_lib_init                            0x08000161   Thumb Code     0  libinit.o(.ARM.Collect$$libinit$$00000000)
    __rt_lib_init_alloca_1                   0x08000163   Thumb Code     0  libinit2.o(.ARM.Collect$$libinit$$0000002E)
    __rt_lib_init_argv_1                     0x08000163   Thumb Code     0  libinit2.o(.ARM.Collect$$libinit$$0000002C)
    __rt_lib_init_atexit_1                   0x08000163   Thumb Code     0  libinit2.o(.ARM.Collect$$libinit$$0000001B)
    __rt_lib_init_clock_1                    0x08000163   Thumb Code     0  libinit2.o(.ARM.Collect$$libinit$$00000021)
    __rt_lib_init_cpp_1                      0x08000163   Thumb Code     0  libinit2.o(.ARM.Collect$$libinit$$00000032)
    __rt_lib_init_exceptions_1               0x08000163   Thumb Code     0  libinit2.o(.ARM.Collect$$libinit$$00000030)
    __rt_lib_init_fp_1                       0x08000163   Thumb Code     0  libinit2.o(.ARM.Collect$$libinit$$00000002)
    __rt_lib_init_fp_trap_1                  0x08000163   Thumb Code     0  libinit2.o(.ARM.Collect$$libinit$$0000001F)
    __rt_lib_init_getenv_1                   0x08000163   Thumb Code     0  libinit2.o(.ARM.Collect$$libinit$$00000023)
    __rt_lib_init_heap_1                     0x08000163   Thumb Code     0  libinit2.o(.ARM.Collect$$libinit$$0000000A)
    __rt_lib_init_lc_collate_1               0x08000163   Thumb Code     0  libinit2.o(.ARM.Collect$$libinit$$00000011)
    __rt_lib_init_lc_ctype_1                 0x08000163   Thumb Code     0  libinit2.o(.ARM.Collect$$libinit$$00000013)
    __rt_lib_init_lc_monetary_1              0x08000163   Thumb Code     0  libinit2.o(.ARM.Collect$$libinit$$00000015)
    __rt_lib_init_lc_numeric_1               0x08000163   Thumb Code     0  libinit2.o(.ARM.Collect$$libinit$$00000017)
    __rt_lib_init_lc_time_1                  0x08000163   Thumb Code     0  libinit2.o(.ARM.Collect$$libinit$$00000019)
    __rt_lib_init_preinit_1                  0x08000163   Thumb Code     0  libinit2.o(.ARM.Collect$$libinit$$00000004)
    __rt_lib_init_rand_1                     0x08000163   Thumb Code     0  libinit2.o(.ARM.Collect$$libinit$$0000000E)
    __rt_lib_init_return                     0x08000163   Thumb Code     0  libinit2.o(.ARM.Collect$$libinit$$00000033)
    __rt_lib_init_signal_1                   0x08000163   Thumb Code     0  libinit2.o(.ARM.Collect$$libinit$$0000001D)
    __rt_lib_init_stdio_1                    0x08000163   Thumb Code     0  libinit2.o(.ARM.Collect$$libinit$$00000025)
    __rt_lib_init_user_alloc_1               0x08000163   Thumb Code     0  libinit2.o(.ARM.Collect$$libinit$$0000000C)
    __rt_lib_shutdown                        0x08000165   Thumb Code     0  libshutdown.o(.ARM.Collect$$libshutdown$$00000000)
    __rt_lib_shutdown_cpp_1                  0x08000167   Thumb Code     0  libshutdown2.o(.ARM.Collect$$libshutdown$$00000002)
    __rt_lib_shutdown_fp_trap_1              0x08000167   Thumb Code     0  libshutdown2.o(.ARM.Collect$$libshutdown$$00000007)
    __rt_lib_shutdown_heap_1                 0x08000167   Thumb Code     0  libshutdown2.o(.ARM.Collect$$libshutdown$$0000000F)
    __rt_lib_shutdown_return                 0x08000167   Thumb Code     0  libshutdown2.o(.ARM.Collect$$libshutdown$$00000010)
    __rt_lib_shutdown_signal_1               0x08000167   Thumb Code     0  libshutdown2.o(.ARM.Collect$$libshutdown$$0000000A)
    __rt_lib_shutdown_stdio_1                0x08000167   Thumb Code     0  libshutdown2.o(.ARM.Collect$$libshutdown$$00000004)
    __rt_lib_shutdown_user_alloc_1           0x08000167   Thumb Code     0  libshutdown2.o(.ARM.Collect$$libshutdown$$0000000C)
    __rt_entry                               0x08000169   Thumb Code     0  __rtentry.o(.ARM.Collect$$rtentry$$00000000)
    __rt_entry_presh_1                       0x08000169   Thumb Code     0  __rtentry2.o(.ARM.Collect$$rtentry$$00000002)
    __rt_entry_sh                            0x08000169   Thumb Code     0  __rtentry4.o(.ARM.Collect$$rtentry$$00000004)
    __rt_entry_li                            0x0800016f   Thumb Code     0  __rtentry2.o(.ARM.Collect$$rtentry$$0000000A)
    __rt_entry_postsh_1                      0x0800016f   Thumb Code     0  __rtentry2.o(.ARM.Collect$$rtentry$$00000009)
    __rt_entry_main                          0x08000173   Thumb Code     0  __rtentry2.o(.ARM.Collect$$rtentry$$0000000D)
    __rt_entry_postli_1                      0x08000173   Thumb Code     0  __rtentry2.o(.ARM.Collect$$rtentry$$0000000C)
    __rt_exit                                0x0800017b   Thumb Code     0  rtexit.o(.ARM.Collect$$rtexit$$00000000)
    __rt_exit_ls                             0x0800017d   Thumb Code     0  rtexit2.o(.ARM.Collect$$rtexit$$00000003)
    __rt_exit_prels_1                        0x0800017d   Thumb Code     0  rtexit2.o(.ARM.Collect$$rtexit$$00000002)
    __rt_exit_exit                           0x08000181   Thumb Code     0  rtexit2.o(.ARM.Collect$$rtexit$$00000004)
    Reset_Handler                            0x08000189   Thumb Code     8  startup_stm32f103xb.o(.text)
    ADC1_2_IRQHandler                        0x080001a3   Thumb Code     0  startup_stm32f103xb.o(.text)
    CAN1_RX1_IRQHandler                      0x080001a3   Thumb Code     0  startup_stm32f103xb.o(.text)
    CAN1_SCE_IRQHandler                      0x080001a3   Thumb Code     0  startup_stm32f103xb.o(.text)
    DMA1_Channel4_IRQHandler                 0x080001a3   Thumb Code     0  startup_stm32f103xb.o(.text)
    DMA1_Channel5_IRQHandler                 0x080001a3   Thumb Code     0  startup_stm32f103xb.o(.text)
    DMA1_Channel6_IRQHandler                 0x080001a3   Thumb Code     0  startup_stm32f103xb.o(.text)
    DMA1_Channel7_IRQHandler                 0x080001a3   Thumb Code     0  startup_stm32f103xb.o(.text)
    EXTI0_IRQHandler                         0x080001a3   Thumb Code     0  startup_stm32f103xb.o(.text)
    EXTI15_10_IRQHandler                     0x080001a3   Thumb Code     0  startup_stm32f103xb.o(.text)
    EXTI1_IRQHandler                         0x080001a3   Thumb Code     0  startup_stm32f103xb.o(.text)
    EXTI2_IRQHandler                         0x080001a3   Thumb Code     0  startup_stm32f103xb.o(.text)
    EXTI3_IRQHandler                         0x080001a3   Thumb Code     0  startup_stm32f103xb.o(.text)
    EXTI4_IRQHandler                         0x080001a3   Thumb Code     0  startup_stm32f103xb.o(.text)
    EXTI9_5_IRQHandler                       0x080001a3   Thumb Code     0  startup_stm32f103xb.o(.text)
    FLASH_IRQHandler                         0x080001a3   Thumb Code     0  startup_stm32f103xb.o(.text)
    I2C1_ER_IRQHandler                       0x080001a3   Thumb Code     0  startup_stm32f103xb.o(.text)
    I2C1_EV_IRQHandler                       0x080001a3   Thumb Code     0  startup_stm32f103xb.o(.text)
    I2C2_ER_IRQHandler                       0x080001a3   Thumb Code     0  startup_stm32f103xb.o(.text)
    I2C2_EV_IRQHandler                       0x080001a3   Thumb Code     0  startup_stm32f103xb.o(.text)
    PVD_IRQHandler                           0x080001a3   Thumb Code     0  startup_stm32f103xb.o(.text)
    RCC_IRQHandler                           0x080001a3   Thumb Code     0  startup_stm32f103xb.o(.text)
    RTC_Alarm_IRQHandler                     0x080001a3   Thumb Code     0  startup_stm32f103xb.o(.text)
    RTC_IRQHandler                           0x080001a3   Thumb Code     0  startup_stm32f103xb.o(.text)
    SPI1_IRQHandler                          0x080001a3   Thumb Code     0  startup_stm32f103xb.o(.text)
    SPI2_IRQHandler                          0x080001a3   Thumb Code     0  startup_stm32f103xb.o(.text)
    TAMPER_IRQHandler                        0x080001a3   Thumb Code     0  startup_stm32f103xb.o(.text)
    TIM1_BRK_IRQHandler                      0x080001a3   Thumb Code     0  startup_stm32f103xb.o(.text)
    TIM1_CC_IRQHandler                       0x080001a3   Thumb Code     0  startup_stm32f103xb.o(.text)
    TIM1_TRG_COM_IRQHandler                  0x080001a3   Thumb Code     0  startup_stm32f103xb.o(.text)
    TIM1_UP_IRQHandler                       0x080001a3   Thumb Code     0  startup_stm32f103xb.o(.text)
    TIM2_IRQHandler                          0x080001a3   Thumb Code     0  startup_stm32f103xb.o(.text)
    TIM3_IRQHandler                          0x080001a3   Thumb Code     0  startup_stm32f103xb.o(.text)
    TIM4_IRQHandler                          0x080001a3   Thumb Code     0  startup_stm32f103xb.o(.text)
    USART1_IRQHandler                        0x080001a3   Thumb Code     0  startup_stm32f103xb.o(.text)
    USART2_IRQHandler                        0x080001a3   Thumb Code     0  startup_stm32f103xb.o(.text)
    USBWakeUp_IRQHandler                     0x080001a3   Thumb Code     0  startup_stm32f103xb.o(.text)
    USB_HP_CAN1_TX_IRQHandler                0x080001a3   Thumb Code     0  startup_stm32f103xb.o(.text)
    USB_LP_CAN1_RX0_IRQHandler               0x080001a3   Thumb Code     0  startup_stm32f103xb.o(.text)
    WWDG_IRQHandler                          0x080001a3   Thumb Code     0  startup_stm32f103xb.o(.text)
    __user_initial_stackheap                 0x080001a5   Thumb Code     0  startup_stm32f103xb.o(.text)
    strcpy                                   0x080001c9   Thumb Code    72  strcpy.o(.text)
    __aeabi_memclr                           0x08000211   Thumb Code     0  rt_memclr.o(.text)
    __rt_memclr                              0x08000211   Thumb Code    68  rt_memclr.o(.text)
    _memset                                  0x08000215   Thumb Code     0  rt_memclr.o(.text)
    __aeabi_memclr4                          0x08000255   Thumb Code     0  rt_memclr_w.o(.text)
    __aeabi_memclr8                          0x08000255   Thumb Code     0  rt_memclr_w.o(.text)
    __rt_memclr_w                            0x08000255   Thumb Code    78  rt_memclr_w.o(.text)
    _memset_w                                0x08000259   Thumb Code     0  rt_memclr_w.o(.text)
    __use_two_region_memory                  0x080002a3   Thumb Code     2  heapauxi.o(.text)
    __rt_heap_escrow$2region                 0x080002a5   Thumb Code     2  heapauxi.o(.text)
    __rt_heap_expand$2region                 0x080002a7   Thumb Code     2  heapauxi.o(.text)
    __user_setup_stackheap                   0x080002a9   Thumb Code    74  sys_stackheap_outer.o(.text)
    exit                                     0x080002f3   Thumb Code    18  exit.o(.text)
    __user_libspace                          0x08000305   Thumb Code     8  libspace.o(.text)
    __user_perproc_libspace                  0x08000305   Thumb Code     0  libspace.o(.text)
    __user_perthread_libspace                0x08000305   Thumb Code     0  libspace.o(.text)
    _sys_exit                                0x0800030d   Thumb Code     8  sys_exit.o(.text)
    __I$use$semihosting                      0x08000319   Thumb Code     0  use_no_semi.o(.text)
    __use_no_semihosting_swi                 0x08000319   Thumb Code     2  use_no_semi.o(.text)
    __semihosting_library_function           0x0800031b   Thumb Code     0  indicate_semi.o(.text)
    ADC_ConversionStop_Disable               0x0800031d   Thumb Code    86  stm32f1xx_hal_adc.o(i.ADC_ConversionStop_Disable)
    BusFault_Handler                         0x08000373   Thumb Code     2  stm32f1xx_it.o(i.BusFault_Handler)
    DMA1_Channel1_IRQHandler                 0x08000375   Thumb Code     6  stm32f1xx_it.o(i.DMA1_Channel1_IRQHandler)
    DMA1_Channel2_IRQHandler                 0x08000381   Thumb Code     6  stm32f1xx_it.o(i.DMA1_Channel2_IRQHandler)
    DMA1_Channel3_IRQHandler                 0x0800038d   Thumb Code     6  stm32f1xx_it.o(i.DMA1_Channel3_IRQHandler)
    DebugMon_Handler                         0x080003c3   Thumb Code     2  stm32f1xx_it.o(i.DebugMon_Handler)
    Delay_ms                                 0x080003c5   Thumb Code    22  delay.o(i.Delay_ms)
    Delay_us                                 0x080003db   Thumb Code    32  delay.o(i.Delay_us)
    Error_Handler                            0x080003fb   Thumb Code     4  main.o(i.Error_Handler)
    HAL_ADC_ConfigChannel                    0x08000401   Thumb Code   240  stm32f1xx_hal_adc.o(i.HAL_ADC_ConfigChannel)
    HAL_ADC_Init                             0x080004fd   Thumb Code   272  stm32f1xx_hal_adc.o(i.HAL_ADC_Init)
    HAL_ADC_MspInit                          0x08000619   Thumb Code   122  adc.o(i.HAL_ADC_MspInit)
    HAL_DMA_Abort                            0x080006a9   Thumb Code    70  stm32f1xx_hal_dma.o(i.HAL_DMA_Abort)
    HAL_DMA_Abort_IT                         0x080006f1   Thumb Code   148  stm32f1xx_hal_dma.o(i.HAL_DMA_Abort_IT)
    HAL_DMA_IRQHandler                       0x08000789   Thumb Code   316  stm32f1xx_hal_dma.o(i.HAL_DMA_IRQHandler)
    HAL_DMA_Init                             0x080008dd   Thumb Code    84  stm32f1xx_hal_dma.o(i.HAL_DMA_Init)
    HAL_DMA_Start_IT                         0x08000939   Thumb Code   112  stm32f1xx_hal_dma.o(i.HAL_DMA_Start_IT)
    HAL_GPIO_Init                            0x080009a9   Thumb Code   446  stm32f1xx_hal_gpio.o(i.HAL_GPIO_Init)
    HAL_GPIO_WritePin                        0x08000b89   Thumb Code    10  stm32f1xx_hal_gpio.o(i.HAL_GPIO_WritePin)
    HAL_GetTick                              0x08000b95   Thumb Code     6  stm32f1xx_hal.o(i.HAL_GetTick)
    HAL_IncTick                              0x08000ba1   Thumb Code    12  stm32f1xx_hal.o(i.HAL_IncTick)
    HAL_Init                                 0x08000bb1   Thumb Code    32  stm32f1xx_hal.o(i.HAL_Init)
    HAL_InitTick                             0x08000bd5   Thumb Code    54  stm32f1xx_hal.o(i.HAL_InitTick)
    HAL_MspInit                              0x08000c15   Thumb Code    52  stm32f1xx_hal_msp.o(i.HAL_MspInit)
    HAL_NVIC_EnableIRQ                       0x08000c51   Thumb Code    26  stm32f1xx_hal_cortex.o(i.HAL_NVIC_EnableIRQ)
    HAL_NVIC_SetPriority                     0x08000c6d   Thumb Code    60  stm32f1xx_hal_cortex.o(i.HAL_NVIC_SetPriority)
    HAL_NVIC_SetPriorityGrouping             0x08000cad   Thumb Code    26  stm32f1xx_hal_cortex.o(i.HAL_NVIC_SetPriorityGrouping)
    HAL_RCCEx_PeriphCLKConfig                0x08000cd1   Thumb Code   224  stm32f1xx_hal_rcc_ex.o(i.HAL_RCCEx_PeriphCLKConfig)
    HAL_RCC_ClockConfig                      0x08000dbd   Thumb Code   280  stm32f1xx_hal_rcc.o(i.HAL_RCC_ClockConfig)
    HAL_RCC_GetPCLK1Freq                     0x08000ee9   Thumb Code    20  stm32f1xx_hal_rcc.o(i.HAL_RCC_GetPCLK1Freq)
    HAL_RCC_GetPCLK2Freq                     0x08000f09   Thumb Code    20  stm32f1xx_hal_rcc.o(i.HAL_RCC_GetPCLK2Freq)
    HAL_RCC_GetSysClockFreq                  0x08000f29   Thumb Code    58  stm32f1xx_hal_rcc.o(i.HAL_RCC_GetSysClockFreq)
    HAL_RCC_OscConfig                        0x08000f75   Thumb Code   778  stm32f1xx_hal_rcc.o(i.HAL_RCC_OscConfig)
    HAL_SYSTICK_Config                       0x08001295   Thumb Code    40  stm32f1xx_hal_cortex.o(i.HAL_SYSTICK_Config)
    HAL_TIMEx_ConfigBreakDeadTime            0x080012bd   Thumb Code    84  stm32f1xx_hal_tim_ex.o(i.HAL_TIMEx_ConfigBreakDeadTime)
    HAL_TIMEx_MasterConfigSynchronization    0x08001311   Thumb Code    92  stm32f1xx_hal_tim_ex.o(i.HAL_TIMEx_MasterConfigSynchronization)
    HAL_TIM_Base_Init                        0x08001379   Thumb Code    90  stm32f1xx_hal_tim.o(i.HAL_TIM_Base_Init)
    HAL_TIM_Base_MspInit                     0x080013d5   Thumb Code    52  tim.o(i.HAL_TIM_Base_MspInit)
    HAL_TIM_ConfigClockSource                0x08001411   Thumb Code   220  stm32f1xx_hal_tim.o(i.HAL_TIM_ConfigClockSource)
    HAL_TIM_MspPostInit                      0x080014ed   Thumb Code   120  tim.o(i.HAL_TIM_MspPostInit)
    HAL_TIM_PWM_ConfigChannel                0x08001575   Thumb Code   204  stm32f1xx_hal_tim.o(i.HAL_TIM_PWM_ConfigChannel)
    HAL_TIM_PWM_Init                         0x08001641   Thumb Code    90  stm32f1xx_hal_tim.o(i.HAL_TIM_PWM_Init)
    HAL_TIM_PWM_MspInit                      0x0800169b   Thumb Code     2  stm32f1xx_hal_tim.o(i.HAL_TIM_PWM_MspInit)
    HAL_TIM_PWM_Start                        0x0800169d   Thumb Code   144  stm32f1xx_hal_tim.o(i.HAL_TIM_PWM_Start)
    HAL_UARTEx_RxEventCallback               0x08001739   Thumb Code     2  stm32f1xx_hal_uart.o(i.HAL_UARTEx_RxEventCallback)
    HAL_UART_DMAStop                         0x0800173b   Thumb Code   112  stm32f1xx_hal_uart.o(i.HAL_UART_DMAStop)
    HAL_UART_ErrorCallback                   0x080017ab   Thumb Code    42  uart_dma.o(i.HAL_UART_ErrorCallback)
    HAL_UART_IRQHandler                      0x080017d5   Thumb Code   616  stm32f1xx_hal_uart.o(i.HAL_UART_IRQHandler)
    HAL_UART_Init                            0x08001a41   Thumb Code   100  stm32f1xx_hal_uart.o(i.HAL_UART_Init)
    HAL_UART_MspInit                         0x08001aa5   Thumb Code   198  usart.o(i.HAL_UART_MspInit)
    HAL_UART_Receive_DMA                     0x08001b81   Thumb Code    28  stm32f1xx_hal_uart.o(i.HAL_UART_Receive_DMA)
    HAL_UART_RxCpltCallback                  0x08001b9d   Thumb Code     2  stm32f1xx_hal_uart.o(i.HAL_UART_RxCpltCallback)
    HAL_UART_RxHalfCpltCallback              0x08001b9f   Thumb Code     2  stm32f1xx_hal_uart.o(i.HAL_UART_RxHalfCpltCallback)
    HAL_UART_TxCpltCallback                  0x08001ba1   Thumb Code     2  stm32f1xx_hal_uart.o(i.HAL_UART_TxCpltCallback)
    HardFault_Handler                        0x08001ba3   Thumb Code     2  stm32f1xx_it.o(i.HardFault_Handler)
    L_180                                    0x08001ba5   Thumb Code   128  motor.o(i.L_180)
    L_cube                                   0x08001c2d   Thumb Code    58  motor.o(i.L_cube)
    L_hand_ping                              0x08001c67   Thumb Code    42  motor.o(i.L_hand_ping)
    L_ni_90                                  0x08001c91   Thumb Code   136  motor.o(i.L_ni_90)
    L_ni_90_c                                0x08001d21   Thumb Code    66  motor.o(i.L_ni_90_c)
    L_shun_90                                0x08001d69   Thumb Code   136  motor.o(i.L_shun_90)
    L_shun_90_c                              0x08001df9   Thumb Code    68  motor.o(i.L_shun_90_c)
    MX_ADC1_Init                             0x08001e41   Thumb Code    68  adc.o(i.MX_ADC1_Init)
    MX_DMA_Init                              0x08001e8d   Thumb Code    72  dma.o(i.MX_DMA_Init)
    MX_GPIO_Init                             0x08001ed9   Thumb Code   174  gpio.o(i.MX_GPIO_Init)
    MX_TIM1_Init                             0x08001f95   Thumb Code   192  tim.o(i.MX_TIM1_Init)
    MX_TIM2_Init                             0x0800205d   Thumb Code   146  tim.o(i.MX_TIM2_Init)
    MX_USART3_UART_Init                      0x080020f5   Thumb Code    48  usart.o(i.MX_USART3_UART_Init)
    MemManage_Handler                        0x0800212d   Thumb Code     2  stm32f1xx_it.o(i.MemManage_Handler)
    NMI_Handler                              0x0800212f   Thumb Code     2  stm32f1xx_it.o(i.NMI_Handler)
    PendSV_Handler                           0x08002131   Thumb Code     2  stm32f1xx_it.o(i.PendSV_Handler)
    R_180                                    0x08002135   Thumb Code   126  motor.o(i.R_180)
    R_cube                                   0x080021bd   Thumb Code    58  motor.o(i.R_cube)
    R_hand_ping                              0x080021f7   Thumb Code    42  motor.o(i.R_hand_ping)
    R_ni_90                                  0x08002221   Thumb Code   134  motor.o(i.R_ni_90)
    R_ni_90_c                                0x080022b1   Thumb Code    60  motor.o(i.R_ni_90_c)
    R_shun_90                                0x080022f1   Thumb Code   134  motor.o(i.R_shun_90)
    R_shun_90_c                              0x08002381   Thumb Code    60  motor.o(i.R_shun_90_c)
    SVC_Handler                              0x080023c1   Thumb Code     2  stm32f1xx_it.o(i.SVC_Handler)
    Servo_Init                               0x080023c5   Thumb Code    38  servo.o(i.Servo_Init)
    Servo_SetAngle_L                         0x080023f5   Thumb Code    32  servo.o(i.Servo_SetAngle_L)
    Servo_SetAngle_R                         0x08002425   Thumb Code    32  servo.o(i.Servo_SetAngle_R)
    SysTick_Handler                          0x08002455   Thumb Code     4  stm32f1xx_it.o(i.SysTick_Handler)
    SystemClock_Config                       0x08002459   Thumb Code   120  main.o(i.SystemClock_Config)
    SystemInit                               0x080024d1   Thumb Code     2  system_stm32f1xx.o(i.SystemInit)
    TIM_Base_SetConfig                       0x080024d5   Thumb Code    94  stm32f1xx_hal_tim.o(i.TIM_Base_SetConfig)
    TIM_CCxChannelCmd                        0x08002541   Thumb Code    26  stm32f1xx_hal_tim.o(i.TIM_CCxChannelCmd)
    TIM_ETR_SetConfig                        0x0800255b   Thumb Code    20  stm32f1xx_hal_tim.o(i.TIM_ETR_SetConfig)
    TIM_OC2_SetConfig                        0x080025d1   Thumb Code    84  stm32f1xx_hal_tim.o(i.TIM_OC2_SetConfig)
    UART_DMA_Receive_IT                      0x08002809   Thumb Code    78  uart_dma.o(i.UART_DMA_Receive_IT)
    UART_DMA_Receive_init                    0x0800285d   Thumb Code    18  uart_dma.o(i.UART_DMA_Receive_init)
    UART_Start_Receive_DMA                   0x08002a55   Thumb Code   130  stm32f1xx_hal_uart.o(i.UART_Start_Receive_DMA)
    USART3_IRQHandler                        0x08002ae5   Thumb Code    24  stm32f1xx_it.o(i.USART3_IRQHandler)
    UsageFault_Handler                       0x08002b09   Thumb Code     2  stm32f1xx_it.o(i.UsageFault_Handler)
    change                                   0x08002b2d   Thumb Code  1436  explore.o(i.change)
    clamp_L                                  0x080030c9   Thumb Code     6  servo.o(i.clamp_L)
    clamp_R                                  0x080030d5   Thumb Code     6  servo.o(i.clamp_R)
    control_cube                             0x080030e1   Thumb Code   128  explore.o(i.control_cube)
    magic_cube                               0x08003161   Thumb Code    38  explore.o(i.magic_cube)
    main                                     0x08003189   Thumb Code    82  main.o(i.main)
    math                                     0x080031e9   Thumb Code    38  explore.o(i.math)
    release_L                                0x08003211   Thumb Code     6  servo.o(i.release_L)
    release_L_wei                            0x0800321d   Thumb Code     6  servo.o(i.release_L_wei)
    release_R                                0x08003229   Thumb Code     6  servo.o(i.release_R)
    release_R_wei                            0x08003235   Thumb Code     6  servo.o(i.release_R_wei)
    servo_clamp                              0x08003241   Thumb Code    46  main.o(i.servo_clamp)
    string_receive                           0x08003271   Thumb Code    80  uart_dma.o(i.string_receive)
    __aeabi_fadd                             0x080032c9   Thumb Code     0  faddsub_clz.o(x$fpl$fadd)
    _fadd                                    0x080032c9   Thumb Code   196  faddsub_clz.o(x$fpl$fadd)
    __aeabi_fdiv                             0x0800338d   Thumb Code     0  fdiv.o(x$fpl$fdiv)
    _fdiv                                    0x0800338d   Thumb Code   384  fdiv.o(x$fpl$fdiv)
    __aeabi_f2uiz                            0x08003511   Thumb Code     0  ffixu.o(x$fpl$ffixu)
    _ffixu                                   0x08003511   Thumb Code    62  ffixu.o(x$fpl$ffixu)
    __aeabi_fmul                             0x08003551   Thumb Code     0  fmul.o(x$fpl$fmul)
    _fmul                                    0x08003551   Thumb Code   258  fmul.o(x$fpl$fmul)
    __fpl_fnaninf                            0x08003653   Thumb Code   140  fnaninf.o(x$fpl$fnaninf)
    __fpl_fretinf                            0x080036df   Thumb Code    10  fretinf.o(x$fpl$fretinf)
    __aeabi_fsub                             0x080036e9   Thumb Code     0  faddsub_clz.o(x$fpl$fsub)
    _fsub                                    0x080036e9   Thumb Code   234  faddsub_clz.o(x$fpl$fsub)
    __I$use$fp                               0x080037d2   Number         0  usenofp.o(x$fpl$usenofp)
    AHBPrescTable                            0x080037e4   Data          16  system_stm32f1xx.o(.constdata)
    APBPrescTable                            0x080037f4   Data           8  system_stm32f1xx.o(.constdata)
    Region$$Table$$Base                      0x080037fc   Number         0  anon$$obj.o(Region$$Table)
    Region$$Table$$Limit                     0x0800381c   Number         0  anon$$obj.o(Region$$Table)
    uwTickFreq                               0x20000000   Data           1  stm32f1xx_hal.o(.data)
    uwTickPrio                               0x20000004   Data           4  stm32f1xx_hal.o(.data)
    uwTick                                   0x20000008   Data           4  stm32f1xx_hal.o(.data)
    SystemCoreClock                          0x2000000c   Data           4  system_stm32f1xx.o(.data)
    yellow                                   0x2000001c   Data           1  explore.o(.data)
    green                                    0x2000001d   Data           1  explore.o(.data)
    white                                    0x2000001e   Data           1  explore.o(.data)
    blue                                     0x2000001f   Data           1  explore.o(.data)
    orange                                   0x20000020   Data           1  explore.o(.data)
    red                                      0x20000021   Data           1  explore.o(.data)
    solve_string                             0x20000024   Data          64  main.o(.bss)
    control_string                           0x20000064   Data          64  main.o(.bss)
    hadc1                                    0x200000a4   Data          48  adc.o(.bss)
    hdma_adc1                                0x200000d4   Data          68  adc.o(.bss)
    htim1                                    0x20000118   Data          72  tim.o(.bss)
    htim2                                    0x20000160   Data          72  tim.o(.bss)
    huart3                                   0x200001a8   Data          72  usart.o(.bss)
    hdma_usart3_rx                           0x200001f0   Data          68  usart.o(.bss)
    hdma_usart3_tx                           0x20000234   Data          68  usart.o(.bss)
    buffer_receive_3                         0x20000278   Data          50  uart_dma.o(.bss)
    __libspace_start                         0x200002ac   Data          96  libspace.o(.bss)
    __temporary_stack_top$libspace           0x2000030c   Data           0  libspace.o(.bss)



==============================================================================

Memory Map of the image

  Image Entry point : 0x080000ed

  Load Region LR_IROM1 (Base: 0x08000000, Size: 0x00003840, Max: 0x00010000, ABSOLUTE)

    Execution Region ER_IROM1 (Exec base: 0x08000000, Load base: 0x08000000, Size: 0x0000381c, Max: 0x00010000, ABSOLUTE)

    Exec Addr    Load Addr    Size         Type   Attr      Idx    E Section Name        Object

    0x08000000   0x08000000   0x000000ec   Data   RO            3    RESET               startup_stm32f103xb.o
    0x080000ec   0x080000ec   0x00000008   Code   RO         3718  * !!!main             c_w.l(__main.o)
    0x080000f4   0x080000f4   0x00000034   Code   RO         3924    !!!scatter          c_w.l(__scatter.o)
    0x08000128   0x08000128   0x0000001a   Code   RO         3926    !!handler_copy      c_w.l(__scatter_copy.o)
    0x08000142   0x08000142   0x00000002   PAD
    0x08000144   0x08000144   0x0000001c   Code   RO         3928    !!handler_zi        c_w.l(__scatter_zi.o)
    0x08000160   0x08000160   0x00000002   Code   RO         3792    .ARM.Collect$$libinit$$00000000  c_w.l(libinit.o)
    0x08000162   0x08000162   0x00000000   Code   RO         3801    .ARM.Collect$$libinit$$00000002  c_w.l(libinit2.o)
    0x08000162   0x08000162   0x00000000   Code   RO         3803    .ARM.Collect$$libinit$$00000004  c_w.l(libinit2.o)
    0x08000162   0x08000162   0x00000000   Code   RO         3806    .ARM.Collect$$libinit$$0000000A  c_w.l(libinit2.o)
    0x08000162   0x08000162   0x00000000   Code   RO         3808    .ARM.Collect$$libinit$$0000000C  c_w.l(libinit2.o)
    0x08000162   0x08000162   0x00000000   Code   RO         3810    .ARM.Collect$$libinit$$0000000E  c_w.l(libinit2.o)
    0x08000162   0x08000162   0x00000000   Code   RO         3813    .ARM.Collect$$libinit$$00000011  c_w.l(libinit2.o)
    0x08000162   0x08000162   0x00000000   Code   RO         3815    .ARM.Collect$$libinit$$00000013  c_w.l(libinit2.o)
    0x08000162   0x08000162   0x00000000   Code   RO         3817    .ARM.Collect$$libinit$$00000015  c_w.l(libinit2.o)
    0x08000162   0x08000162   0x00000000   Code   RO         3819    .ARM.Collect$$libinit$$00000017  c_w.l(libinit2.o)
    0x08000162   0x08000162   0x00000000   Code   RO         3821    .ARM.Collect$$libinit$$00000019  c_w.l(libinit2.o)
    0x08000162   0x08000162   0x00000000   Code   RO         3823    .ARM.Collect$$libinit$$0000001B  c_w.l(libinit2.o)
    0x08000162   0x08000162   0x00000000   Code   RO         3825    .ARM.Collect$$libinit$$0000001D  c_w.l(libinit2.o)
    0x08000162   0x08000162   0x00000000   Code   RO         3827    .ARM.Collect$$libinit$$0000001F  c_w.l(libinit2.o)
    0x08000162   0x08000162   0x00000000   Code   RO         3829    .ARM.Collect$$libinit$$00000021  c_w.l(libinit2.o)
    0x08000162   0x08000162   0x00000000   Code   RO         3831    .ARM.Collect$$libinit$$00000023  c_w.l(libinit2.o)
    0x08000162   0x08000162   0x00000000   Code   RO         3833    .ARM.Collect$$libinit$$00000025  c_w.l(libinit2.o)
    0x08000162   0x08000162   0x00000000   Code   RO         3837    .ARM.Collect$$libinit$$0000002C  c_w.l(libinit2.o)
    0x08000162   0x08000162   0x00000000   Code   RO         3839    .ARM.Collect$$libinit$$0000002E  c_w.l(libinit2.o)
    0x08000162   0x08000162   0x00000000   Code   RO         3841    .ARM.Collect$$libinit$$00000030  c_w.l(libinit2.o)
    0x08000162   0x08000162   0x00000000   Code   RO         3843    .ARM.Collect$$libinit$$00000032  c_w.l(libinit2.o)
    0x08000162   0x08000162   0x00000002   Code   RO         3844    .ARM.Collect$$libinit$$00000033  c_w.l(libinit2.o)
    0x08000164   0x08000164   0x00000002   Code   RO         3864    .ARM.Collect$$libshutdown$$00000000  c_w.l(libshutdown.o)
    0x08000166   0x08000166   0x00000000   Code   RO         3877    .ARM.Collect$$libshutdown$$00000002  c_w.l(libshutdown2.o)
    0x08000166   0x08000166   0x00000000   Code   RO         3879    .ARM.Collect$$libshutdown$$00000004  c_w.l(libshutdown2.o)
    0x08000166   0x08000166   0x00000000   Code   RO         3882    .ARM.Collect$$libshutdown$$00000007  c_w.l(libshutdown2.o)
    0x08000166   0x08000166   0x00000000   Code   RO         3885    .ARM.Collect$$libshutdown$$0000000A  c_w.l(libshutdown2.o)
    0x08000166   0x08000166   0x00000000   Code   RO         3887    .ARM.Collect$$libshutdown$$0000000C  c_w.l(libshutdown2.o)
    0x08000166   0x08000166   0x00000000   Code   RO         3890    .ARM.Collect$$libshutdown$$0000000F  c_w.l(libshutdown2.o)
    0x08000166   0x08000166   0x00000002   Code   RO         3891    .ARM.Collect$$libshutdown$$00000010  c_w.l(libshutdown2.o)
    0x08000168   0x08000168   0x00000000   Code   RO         3754    .ARM.Collect$$rtentry$$00000000  c_w.l(__rtentry.o)
    0x08000168   0x08000168   0x00000000   Code   RO         3767    .ARM.Collect$$rtentry$$00000002  c_w.l(__rtentry2.o)
    0x08000168   0x08000168   0x00000006   Code   RO         3779    .ARM.Collect$$rtentry$$00000004  c_w.l(__rtentry4.o)
    0x0800016e   0x0800016e   0x00000000   Code   RO         3769    .ARM.Collect$$rtentry$$00000009  c_w.l(__rtentry2.o)
    0x0800016e   0x0800016e   0x00000004   Code   RO         3770    .ARM.Collect$$rtentry$$0000000A  c_w.l(__rtentry2.o)
    0x08000172   0x08000172   0x00000000   Code   RO         3772    .ARM.Collect$$rtentry$$0000000C  c_w.l(__rtentry2.o)
    0x08000172   0x08000172   0x00000008   Code   RO         3773    .ARM.Collect$$rtentry$$0000000D  c_w.l(__rtentry2.o)
    0x0800017a   0x0800017a   0x00000002   Code   RO         3798    .ARM.Collect$$rtexit$$00000000  c_w.l(rtexit.o)
    0x0800017c   0x0800017c   0x00000000   Code   RO         3846    .ARM.Collect$$rtexit$$00000002  c_w.l(rtexit2.o)
    0x0800017c   0x0800017c   0x00000004   Code   RO         3847    .ARM.Collect$$rtexit$$00000003  c_w.l(rtexit2.o)
    0x08000180   0x08000180   0x00000006   Code   RO         3848    .ARM.Collect$$rtexit$$00000004  c_w.l(rtexit2.o)
    0x08000186   0x08000186   0x00000002   PAD
    0x08000188   0x08000188   0x00000040   Code   RO            4    .text               startup_stm32f103xb.o
    0x080001c8   0x080001c8   0x00000048   Code   RO         3710    .text               c_w.l(strcpy.o)
    0x08000210   0x08000210   0x00000044   Code   RO         3712    .text               c_w.l(rt_memclr.o)
    0x08000254   0x08000254   0x0000004e   Code   RO         3714    .text               c_w.l(rt_memclr_w.o)
    0x080002a2   0x080002a2   0x00000006   Code   RO         3716    .text               c_w.l(heapauxi.o)
    0x080002a8   0x080002a8   0x0000004a   Code   RO         3783    .text               c_w.l(sys_stackheap_outer.o)
    0x080002f2   0x080002f2   0x00000012   Code   RO         3785    .text               c_w.l(exit.o)
    0x08000304   0x08000304   0x00000008   Code   RO         3795    .text               c_w.l(libspace.o)
    0x0800030c   0x0800030c   0x0000000c   Code   RO         3856    .text               c_w.l(sys_exit.o)
    0x08000318   0x08000318   0x00000002   Code   RO         3867    .text               c_w.l(use_no_semi.o)
    0x0800031a   0x0800031a   0x00000000   Code   RO         3869    .text               c_w.l(indicate_semi.o)
    0x0800031a   0x0800031a   0x00000002   PAD
    0x0800031c   0x0800031c   0x00000056   Code   RO          636    i.ADC_ConversionStop_Disable  stm32f1xx_hal_adc.o
    0x08000372   0x08000372   0x00000002   Code   RO          468    i.BusFault_Handler  stm32f1xx_it.o
    0x08000374   0x08000374   0x0000000c   Code   RO          469    i.DMA1_Channel1_IRQHandler  stm32f1xx_it.o
    0x08000380   0x08000380   0x0000000c   Code   RO          470    i.DMA1_Channel2_IRQHandler  stm32f1xx_it.o
    0x0800038c   0x0800038c   0x0000000c   Code   RO          471    i.DMA1_Channel3_IRQHandler  stm32f1xx_it.o
    0x08000398   0x08000398   0x0000002a   Code   RO         1292    i.DMA_SetConfig     stm32f1xx_hal_dma.o
    0x080003c2   0x080003c2   0x00000002   Code   RO          472    i.DebugMon_Handler  stm32f1xx_it.o
    0x080003c4   0x080003c4   0x00000016   Code   RO         3263    i.Delay_ms          delay.o
    0x080003da   0x080003da   0x00000020   Code   RO         3265    i.Delay_us          delay.o
    0x080003fa   0x080003fa   0x00000004   Code   RO           13    i.Error_Handler     main.o
    0x080003fe   0x080003fe   0x00000002   PAD
    0x08000400   0x08000400   0x000000fc   Code   RO          642    i.HAL_ADC_ConfigChannel  stm32f1xx_hal_adc.o
    0x080004fc   0x080004fc   0x0000011c   Code   RO          651    i.HAL_ADC_Init      stm32f1xx_hal_adc.o
    0x08000618   0x08000618   0x00000090   Code   RO          217    i.HAL_ADC_MspInit   adc.o
    0x080006a8   0x080006a8   0x00000046   Code   RO         1293    i.HAL_DMA_Abort     stm32f1xx_hal_dma.o
    0x080006ee   0x080006ee   0x00000002   PAD
    0x080006f0   0x080006f0   0x00000098   Code   RO         1294    i.HAL_DMA_Abort_IT  stm32f1xx_hal_dma.o
    0x08000788   0x08000788   0x00000154   Code   RO         1298    i.HAL_DMA_IRQHandler  stm32f1xx_hal_dma.o
    0x080008dc   0x080008dc   0x0000005c   Code   RO         1299    i.HAL_DMA_Init      stm32f1xx_hal_dma.o
    0x08000938   0x08000938   0x00000070   Code   RO         1303    i.HAL_DMA_Start_IT  stm32f1xx_hal_dma.o
    0x080009a8   0x080009a8   0x000001e0   Code   RO         1229    i.HAL_GPIO_Init     stm32f1xx_hal_gpio.o
    0x08000b88   0x08000b88   0x0000000a   Code   RO         1233    i.HAL_GPIO_WritePin  stm32f1xx_hal_gpio.o
    0x08000b92   0x08000b92   0x00000002   PAD
    0x08000b94   0x08000b94   0x0000000c   Code   RO          923    i.HAL_GetTick       stm32f1xx_hal.o
    0x08000ba0   0x08000ba0   0x00000010   Code   RO          929    i.HAL_IncTick       stm32f1xx_hal.o
    0x08000bb0   0x08000bb0   0x00000024   Code   RO          930    i.HAL_Init          stm32f1xx_hal.o
    0x08000bd4   0x08000bd4   0x00000040   Code   RO          931    i.HAL_InitTick      stm32f1xx_hal.o
    0x08000c14   0x08000c14   0x0000003c   Code   RO          576    i.HAL_MspInit       stm32f1xx_hal_msp.o
    0x08000c50   0x08000c50   0x0000001a   Code   RO         1389    i.HAL_NVIC_EnableIRQ  stm32f1xx_hal_cortex.o
    0x08000c6a   0x08000c6a   0x00000002   PAD
    0x08000c6c   0x08000c6c   0x00000040   Code   RO         1395    i.HAL_NVIC_SetPriority  stm32f1xx_hal_cortex.o
    0x08000cac   0x08000cac   0x00000024   Code   RO         1396    i.HAL_NVIC_SetPriorityGrouping  stm32f1xx_hal_cortex.o
    0x08000cd0   0x08000cd0   0x000000ec   Code   RO         1191    i.HAL_RCCEx_PeriphCLKConfig  stm32f1xx_hal_rcc_ex.o
    0x08000dbc   0x08000dbc   0x0000012c   Code   RO         1087    i.HAL_RCC_ClockConfig  stm32f1xx_hal_rcc.o
    0x08000ee8   0x08000ee8   0x00000020   Code   RO         1094    i.HAL_RCC_GetPCLK1Freq  stm32f1xx_hal_rcc.o
    0x08000f08   0x08000f08   0x00000020   Code   RO         1095    i.HAL_RCC_GetPCLK2Freq  stm32f1xx_hal_rcc.o
    0x08000f28   0x08000f28   0x0000004c   Code   RO         1096    i.HAL_RCC_GetSysClockFreq  stm32f1xx_hal_rcc.o
    0x08000f74   0x08000f74   0x00000320   Code   RO         1099    i.HAL_RCC_OscConfig  stm32f1xx_hal_rcc.o
    0x08001294   0x08001294   0x00000028   Code   RO         1400    i.HAL_SYSTICK_Config  stm32f1xx_hal_cortex.o
    0x080012bc   0x080012bc   0x00000054   Code   RO         2598    i.HAL_TIMEx_ConfigBreakDeadTime  stm32f1xx_hal_tim_ex.o
    0x08001310   0x08001310   0x00000068   Code   RO         2614    i.HAL_TIMEx_MasterConfigSynchronization  stm32f1xx_hal_tim_ex.o
    0x08001378   0x08001378   0x0000005a   Code   RO         1891    i.HAL_TIM_Base_Init  stm32f1xx_hal_tim.o
    0x080013d2   0x080013d2   0x00000002   PAD
    0x080013d4   0x080013d4   0x0000003c   Code   RO          373    i.HAL_TIM_Base_MspInit  tim.o
    0x08001410   0x08001410   0x000000dc   Code   RO         1900    i.HAL_TIM_ConfigClockSource  stm32f1xx_hal_tim.o
    0x080014ec   0x080014ec   0x00000088   Code   RO          374    i.HAL_TIM_MspPostInit  tim.o
    0x08001574   0x08001574   0x000000cc   Code   RO         1963    i.HAL_TIM_PWM_ConfigChannel  stm32f1xx_hal_tim.o
    0x08001640   0x08001640   0x0000005a   Code   RO         1966    i.HAL_TIM_PWM_Init  stm32f1xx_hal_tim.o
    0x0800169a   0x0800169a   0x00000002   Code   RO         1968    i.HAL_TIM_PWM_MspInit  stm32f1xx_hal_tim.o
    0x0800169c   0x0800169c   0x0000009c   Code   RO         1971    i.HAL_TIM_PWM_Start  stm32f1xx_hal_tim.o
    0x08001738   0x08001738   0x00000002   Code   RO         2874    i.HAL_UARTEx_RxEventCallback  stm32f1xx_hal_uart.o
    0x0800173a   0x0800173a   0x00000070   Code   RO         2886    i.HAL_UART_DMAStop  stm32f1xx_hal_uart.o
    0x080017aa   0x080017aa   0x0000002a   Code   RO         3655    i.HAL_UART_ErrorCallback  uart_dma.o
    0x080017d4   0x080017d4   0x0000026c   Code   RO         2891    i.HAL_UART_IRQHandler  stm32f1xx_hal_uart.o
    0x08001a40   0x08001a40   0x00000064   Code   RO         2892    i.HAL_UART_Init     stm32f1xx_hal_uart.o
    0x08001aa4   0x08001aa4   0x000000dc   Code   RO          427    i.HAL_UART_MspInit  usart.o
    0x08001b80   0x08001b80   0x0000001c   Code   RO         2896    i.HAL_UART_Receive_DMA  stm32f1xx_hal_uart.o
    0x08001b9c   0x08001b9c   0x00000002   Code   RO         2898    i.HAL_UART_RxCpltCallback  stm32f1xx_hal_uart.o
    0x08001b9e   0x08001b9e   0x00000002   Code   RO         2899    i.HAL_UART_RxHalfCpltCallback  stm32f1xx_hal_uart.o
    0x08001ba0   0x08001ba0   0x00000002   Code   RO         2903    i.HAL_UART_TxCpltCallback  stm32f1xx_hal_uart.o
    0x08001ba2   0x08001ba2   0x00000002   Code   RO          473    i.HardFault_Handler  stm32f1xx_it.o
    0x08001ba4   0x08001ba4   0x00000088   Code   RO         3504    i.L_180             motor.o
    0x08001c2c   0x08001c2c   0x0000003a   Code   RO         3505    i.L_cube            motor.o
    0x08001c66   0x08001c66   0x0000002a   Code   RO         3506    i.L_hand_ping       motor.o
    0x08001c90   0x08001c90   0x00000090   Code   RO         3507    i.L_ni_90           motor.o
    0x08001d20   0x08001d20   0x00000048   Code   RO         3508    i.L_ni_90_c         motor.o
    0x08001d68   0x08001d68   0x00000090   Code   RO         3509    i.L_shun_90         motor.o
    0x08001df8   0x08001df8   0x00000048   Code   RO         3510    i.L_shun_90_c       motor.o
    0x08001e40   0x08001e40   0x0000004c   Code   RO          218    i.MX_ADC1_Init      adc.o
    0x08001e8c   0x08001e8c   0x0000004c   Code   RO          345    i.MX_DMA_Init       dma.o
    0x08001ed8   0x08001ed8   0x000000bc   Code   RO          192    i.MX_GPIO_Init      gpio.o
    0x08001f94   0x08001f94   0x000000c8   Code   RO          375    i.MX_TIM1_Init      tim.o
    0x0800205c   0x0800205c   0x00000098   Code   RO          376    i.MX_TIM2_Init      tim.o
    0x080020f4   0x080020f4   0x00000038   Code   RO          428    i.MX_USART3_UART_Init  usart.o
    0x0800212c   0x0800212c   0x00000002   Code   RO          474    i.MemManage_Handler  stm32f1xx_it.o
    0x0800212e   0x0800212e   0x00000002   Code   RO          475    i.NMI_Handler       stm32f1xx_it.o
    0x08002130   0x08002130   0x00000002   Code   RO          476    i.PendSV_Handler    stm32f1xx_it.o
    0x08002132   0x08002132   0x00000002   PAD
    0x08002134   0x08002134   0x00000088   Code   RO         3511    i.R_180             motor.o
    0x080021bc   0x080021bc   0x0000003a   Code   RO         3512    i.R_cube            motor.o
    0x080021f6   0x080021f6   0x0000002a   Code   RO         3513    i.R_hand_ping       motor.o
    0x08002220   0x08002220   0x00000090   Code   RO         3514    i.R_ni_90           motor.o
    0x080022b0   0x080022b0   0x00000040   Code   RO         3515    i.R_ni_90_c         motor.o
    0x080022f0   0x080022f0   0x00000090   Code   RO         3516    i.R_shun_90         motor.o
    0x08002380   0x08002380   0x00000040   Code   RO         3517    i.R_shun_90_c       motor.o
    0x080023c0   0x080023c0   0x00000002   Code   RO          477    i.SVC_Handler       stm32f1xx_it.o
    0x080023c2   0x080023c2   0x00000002   PAD
    0x080023c4   0x080023c4   0x00000030   Code   RO         3415    i.Servo_Init        servo.o
    0x080023f4   0x080023f4   0x00000030   Code   RO         3416    i.Servo_SetAngle_L  servo.o
    0x08002424   0x08002424   0x00000030   Code   RO         3417    i.Servo_SetAngle_R  servo.o
    0x08002454   0x08002454   0x00000004   Code   RO          478    i.SysTick_Handler   stm32f1xx_it.o
    0x08002458   0x08002458   0x00000078   Code   RO           14    i.SystemClock_Config  main.o
    0x080024d0   0x080024d0   0x00000002   Code   RO         3226    i.SystemInit        system_stm32f1xx.o
    0x080024d2   0x080024d2   0x00000002   PAD
    0x080024d4   0x080024d4   0x0000006c   Code   RO         1984    i.TIM_Base_SetConfig  stm32f1xx_hal_tim.o
    0x08002540   0x08002540   0x0000001a   Code   RO         1985    i.TIM_CCxChannelCmd  stm32f1xx_hal_tim.o
    0x0800255a   0x0800255a   0x00000014   Code   RO         1995    i.TIM_ETR_SetConfig  stm32f1xx_hal_tim.o
    0x0800256e   0x0800256e   0x00000010   Code   RO         1996    i.TIM_ITRx_SetConfig  stm32f1xx_hal_tim.o
    0x0800257e   0x0800257e   0x00000002   PAD
    0x08002580   0x08002580   0x00000050   Code   RO         1997    i.TIM_OC1_SetConfig  stm32f1xx_hal_tim.o
    0x080025d0   0x080025d0   0x00000058   Code   RO         1998    i.TIM_OC2_SetConfig  stm32f1xx_hal_tim.o
    0x08002628   0x08002628   0x00000058   Code   RO         1999    i.TIM_OC3_SetConfig  stm32f1xx_hal_tim.o
    0x08002680   0x08002680   0x00000044   Code   RO         2000    i.TIM_OC4_SetConfig  stm32f1xx_hal_tim.o
    0x080026c4   0x080026c4   0x00000022   Code   RO         2002    i.TIM_TI1_ConfigInputStage  stm32f1xx_hal_tim.o
    0x080026e6   0x080026e6   0x00000024   Code   RO         2004    i.TIM_TI2_ConfigInputStage  stm32f1xx_hal_tim.o
    0x0800270a   0x0800270a   0x00000010   Code   RO         2905    i.UART_DMAAbortOnError  stm32f1xx_hal_uart.o
    0x0800271a   0x0800271a   0x0000004a   Code   RO         2906    i.UART_DMAError     stm32f1xx_hal_uart.o
    0x08002764   0x08002764   0x00000086   Code   RO         2907    i.UART_DMAReceiveCplt  stm32f1xx_hal_uart.o
    0x080027ea   0x080027ea   0x0000001e   Code   RO         2909    i.UART_DMARxHalfCplt  stm32f1xx_hal_uart.o
    0x08002808   0x08002808   0x00000054   Code   RO         3656    i.UART_DMA_Receive_IT  uart_dma.o
    0x0800285c   0x0800285c   0x00000012   Code   RO         3657    i.UART_DMA_Receive_init  uart_dma.o
    0x0800286e   0x0800286e   0x0000004e   Code   RO         2915    i.UART_EndRxTransfer  stm32f1xx_hal_uart.o
    0x080028bc   0x080028bc   0x0000001c   Code   RO         2916    i.UART_EndTxTransfer  stm32f1xx_hal_uart.o
    0x080028d8   0x080028d8   0x000000c2   Code   RO         2917    i.UART_Receive_IT   stm32f1xx_hal_uart.o
    0x0800299a   0x0800299a   0x00000002   PAD
    0x0800299c   0x0800299c   0x000000b8   Code   RO         2918    i.UART_SetConfig    stm32f1xx_hal_uart.o
    0x08002a54   0x08002a54   0x00000090   Code   RO         2919    i.UART_Start_Receive_DMA  stm32f1xx_hal_uart.o
    0x08002ae4   0x08002ae4   0x00000024   Code   RO          479    i.USART3_IRQHandler  stm32f1xx_it.o
    0x08002b08   0x08002b08   0x00000002   Code   RO          480    i.UsageFault_Handler  stm32f1xx_it.o
    0x08002b0a   0x08002b0a   0x00000020   Code   RO         1402    i.__NVIC_SetPriority  stm32f1xx_hal_cortex.o
    0x08002b2a   0x08002b2a   0x00000002   PAD
    0x08002b2c   0x08002b2c   0x0000059c   Code   RO         3610    i.change            explore.o
    0x080030c8   0x080030c8   0x0000000c   Code   RO         3419    i.clamp_L           servo.o
    0x080030d4   0x080030d4   0x0000000c   Code   RO         3420    i.clamp_R           servo.o
    0x080030e0   0x080030e0   0x00000080   Code   RO         3611    i.control_cube      explore.o
    0x08003160   0x08003160   0x00000026   Code   RO         3612    i.magic_cube        explore.o
    0x08003186   0x08003186   0x00000002   PAD
    0x08003188   0x08003188   0x00000060   Code   RO           15    i.main              main.o
    0x080031e8   0x080031e8   0x00000026   Code   RO         3613    i.math              explore.o
    0x0800320e   0x0800320e   0x00000002   PAD
    0x08003210   0x08003210   0x0000000c   Code   RO         3421    i.release_L         servo.o
    0x0800321c   0x0800321c   0x0000000c   Code   RO         3422    i.release_L_wei     servo.o
    0x08003228   0x08003228   0x0000000c   Code   RO         3423    i.release_R         servo.o
    0x08003234   0x08003234   0x0000000c   Code   RO         3424    i.release_R_wei     servo.o
    0x08003240   0x08003240   0x0000002e   Code   RO           16    i.servo_clamp       main.o
    0x0800326e   0x0800326e   0x00000002   PAD
    0x08003270   0x08003270   0x00000058   Code   RO         3658    i.string_receive    uart_dma.o
    0x080032c8   0x080032c8   0x000000c4   Code   RO         3736    x$fpl$fadd          fz_ws.l(faddsub_clz.o)
    0x0800338c   0x0800338c   0x00000184   Code   RO         3743    x$fpl$fdiv          fz_ws.l(fdiv.o)
    0x08003510   0x08003510   0x0000003e   Code   RO         3746    x$fpl$ffixu         fz_ws.l(ffixu.o)
    0x0800354e   0x0800354e   0x00000002   PAD
    0x08003550   0x08003550   0x00000102   Code   RO         3750    x$fpl$fmul          fz_ws.l(fmul.o)
    0x08003652   0x08003652   0x0000008c   Code   RO         3761    x$fpl$fnaninf       fz_ws.l(fnaninf.o)
    0x080036de   0x080036de   0x0000000a   Code   RO         3763    x$fpl$fretinf       fz_ws.l(fretinf.o)
    0x080036e8   0x080036e8   0x000000ea   Code   RO         3738    x$fpl$fsub          fz_ws.l(faddsub_clz.o)
    0x080037d2   0x080037d2   0x00000000   Code   RO         3765    x$fpl$usenofp       fz_ws.l(usenofp.o)
    0x080037d2   0x080037d2   0x00000012   Data   RO         1100    .constdata          stm32f1xx_hal_rcc.o
    0x080037e4   0x080037e4   0x00000010   Data   RO         3227    .constdata          system_stm32f1xx.o
    0x080037f4   0x080037f4   0x00000008   Data   RO         3228    .constdata          system_stm32f1xx.o
    0x080037fc   0x080037fc   0x00000020   Data   RO         3922    Region$$Table       anon$$obj.o


    Execution Region RW_IRAM1 (Exec base: 0x20000000, Load base: 0x0800381c, Size: 0x00000910, Max: 0x00005000, ABSOLUTE)

    Exec Addr    Load Addr    Size         Type   Attr      Idx    E Section Name        Object

    0x20000000   0x0800381c   0x0000000c   Data   RW          937    .data               stm32f1xx_hal.o
    0x2000000c   0x08003828   0x00000004   Data   RW         3229    .data               system_stm32f1xx.o
    0x20000010   0x0800382c   0x0000000c   Data   RW         3518    .data               motor.o
    0x2000001c   0x08003838   0x00000006   Data   RW         3614    .data               explore.o
    0x20000022   0x0800383e   0x00000002   PAD
    0x20000024        -       0x00000080   Zero   RW           17    .bss                main.o
    0x200000a4        -       0x00000074   Zero   RW          219    .bss                adc.o
    0x20000118        -       0x00000090   Zero   RW          377    .bss                tim.o
    0x200001a8        -       0x000000d0   Zero   RW          429    .bss                usart.o
    0x20000278        -       0x00000032   Zero   RW         3661    .bss                uart_dma.o
    0x200002aa   0x0800383e   0x00000002   PAD
    0x200002ac        -       0x00000060   Zero   RW         3796    .bss                c_w.l(libspace.o)
    0x2000030c   0x0800383e   0x00000004   PAD
    0x20000310        -       0x00000200   Zero   RW            2    HEAP                startup_stm32f103xb.o
    0x20000510        -       0x00000400   Zero   RW            1    STACK               startup_stm32f103xb.o


==============================================================================

Image component sizes


      Code (inc. data)   RO Data    RW Data    ZI Data      Debug   Object Name

       220         30          0          0        116     437347   adc.o
        54          0          0          0          0       1132   delay.o
        76          4          0          0          0        698   dma.o
      1640          4          0          6          0       3569   explore.o
       188         14          0          0          0        875   gpio.o
       266         14          0          0        128     393472   main.o
      1320         72          0         12          0       7546   motor.o
       216         78          0          0          0       3869   servo.o
        64         26        236          0       1536        784   startup_stm32f103xb.o
       128         24          0         12          0       5109   stm32f1xx_hal.o
       622         24          0          0          0       3196   stm32f1xx_hal_adc.o
       198         14          0          0          0      28779   stm32f1xx_hal_cortex.o
       808         36          0          0          0       4806   stm32f1xx_hal_dma.o
       490         34          0          0          0       2808   stm32f1xx_hal_gpio.o
        60          8          0          0          0        798   stm32f1xx_hal_msp.o
      1240         84         18          0          0       4956   stm32f1xx_hal_rcc.o
       236         12          0          0          0       1332   stm32f1xx_hal_rcc_ex.o
      1326         46          0          0          0      11896   stm32f1xx_hal_tim.o
       188         12          0          0          0       2064   stm32f1xx_hal_tim_ex.o
      1750         24          0          0          0      12244   stm32f1xx_hal_uart.o
        92         30          0          0          0       5247   stm32f1xx_it.o
         2          0         24          4          0       1015   system_stm32f1xx.o
       548         38          0          0        144       3021   tim.o
       232         14          0          0         50       3562   uart_dma.o
       276         30          0          0        208       1728   usart.o

    ----------------------------------------------------------------------
     12268        672        310         36       2184     941853   Object Totals
         0          0         32          0          0          0   (incl. Generated)
        28          0          0          2          2          0   (incl. Padding)

    ----------------------------------------------------------------------

      Code (inc. data)   RO Data    RW Data    ZI Data      Debug   Library Member Name

         8          0          0          0          0         68   __main.o
         0          0          0          0          0          0   __rtentry.o
        12          0          0          0          0          0   __rtentry2.o
         6          0          0          0          0          0   __rtentry4.o
        52          8          0          0          0          0   __scatter.o
        26          0          0          0          0          0   __scatter_copy.o
        28          0          0          0          0          0   __scatter_zi.o
        18          0          0          0          0         80   exit.o
         6          0          0          0          0        152   heapauxi.o
         0          0          0          0          0          0   indicate_semi.o
         2          0          0          0          0          0   libinit.o
         2          0          0          0          0          0   libinit2.o
         2          0          0          0          0          0   libshutdown.o
         2          0          0          0          0          0   libshutdown2.o
         8          4          0          0         96         68   libspace.o
        68          0          0          0          0         68   rt_memclr.o
        78          0          0          0          0         80   rt_memclr_w.o
         2          0          0          0          0          0   rtexit.o
        10          0          0          0          0          0   rtexit2.o
        72          0          0          0          0         80   strcpy.o
        12          4          0          0          0         68   sys_exit.o
        74          0          0          0          0         80   sys_stackheap_outer.o
         2          0          0          0          0         68   use_no_semi.o
       430          8          0          0          0        168   faddsub_clz.o
       388         76          0          0          0         96   fdiv.o
        62          4          0          0          0         84   ffixu.o
       258          4          0          0          0         84   fmul.o
       140          4          0          0          0         84   fnaninf.o
        10          0          0          0          0         68   fretinf.o
         0          0          0          0          0          0   usenofp.o

    ----------------------------------------------------------------------
      1786        112          0          0        100       1396   Library Totals
         8          0          0          0          4          0   (incl. Padding)

    ----------------------------------------------------------------------

      Code (inc. data)   RO Data    RW Data    ZI Data      Debug   Library Name

       490         16          0          0         96        812   c_w.l
      1288         96          0          0          0        584   fz_ws.l

    ----------------------------------------------------------------------
      1786        112          0          0        100       1396   Library Totals

    ----------------------------------------------------------------------

==============================================================================


      Code (inc. data)   RO Data    RW Data    ZI Data      Debug   

     14054        784        310         36       2284     936485   Grand Totals
     14054        784        310         36       2284     936485   ELF Image Totals
     14054        784        310         36          0          0   ROM Totals

==============================================================================

    Total RO  Size (Code + RO Data)                14364 (  14.03kB)
    Total RW  Size (RW Data + ZI Data)              2320 (   2.27kB)
    Total ROM Size (Code + RO Data + RW Data)      14400 (  14.06kB)

==============================================================================

